stm32l4xx_hal_irda.c:336:19:HAL_IRDA_Init	16	static
stm32l4xx_hal_irda.c:401:19:HAL_IRDA_DeInit	16	static
stm32l4xx_hal_irda.c:444:13:HAL_IRDA_MspInit	16	static
stm32l4xx_hal_irda.c:460:13:HAL_IRDA_MspDeInit	16	static
stm32l4xx_hal_irda.c:803:19:HAL_IRDA_Transmit	48	static
stm32l4xx_hal_irda.c:889:19:HAL_IRDA_Receive	48	static
stm32l4xx_hal_irda.c:976:19:HAL_IRDA_Transmit_IT	24	static
stm32l4xx_hal_irda.c:1022:19:HAL_IRDA_Receive_IT	24	static
stm32l4xx_hal_irda.c:1075:19:HAL_IRDA_Transmit_DMA	24	static
stm32l4xx_hal_irda.c:1152:19:HAL_IRDA_Receive_DMA	24	static
stm32l4xx_hal_irda.c:1228:19:HAL_IRDA_DMAPause	16	static
stm32l4xx_hal_irda.c:1266:19:HAL_IRDA_DMAResume	16	static
stm32l4xx_hal_irda.c:1301:19:HAL_IRDA_DMAStop	16	static
stm32l4xx_hal_irda.c:1378:19:HAL_IRDA_Abort	16	static
stm32l4xx_hal_irda.c:1468:19:HAL_IRDA_AbortTransmit	16	static
stm32l4xx_hal_irda.c:1524:19:HAL_IRDA_AbortReceive	16	static
stm32l4xx_hal_irda.c:1586:19:HAL_IRDA_Abort_IT	24	static
stm32l4xx_hal_irda.c:1722:19:HAL_IRDA_AbortTransmit_IT	16	static
stm32l4xx_hal_irda.c:1804:19:HAL_IRDA_AbortReceive_IT	16	static
stm32l4xx_hal_irda.c:1884:6:HAL_IRDA_IRQHandler	40	static
stm32l4xx_hal_irda.c:2064:13:HAL_IRDA_TxCpltCallback	16	static
stm32l4xx_hal_irda.c:2080:13:HAL_IRDA_TxHalfCpltCallback	16	static
stm32l4xx_hal_irda.c:2096:13:HAL_IRDA_RxCpltCallback	16	static
stm32l4xx_hal_irda.c:2112:13:HAL_IRDA_RxHalfCpltCallback	16	static
stm32l4xx_hal_irda.c:2128:13:HAL_IRDA_ErrorCallback	16	static
stm32l4xx_hal_irda.c:2144:13:HAL_IRDA_AbortCpltCallback	16	static
stm32l4xx_hal_irda.c:2160:13:HAL_IRDA_AbortTransmitCpltCallback	16	static
stm32l4xx_hal_irda.c:2176:13:HAL_IRDA_AbortReceiveCpltCallback	16	static
stm32l4xx_hal_irda.c:2215:23:HAL_IRDA_GetState	24	static
stm32l4xx_hal_irda.c:2232:10:HAL_IRDA_GetError	16	static
stm32l4xx_hal_irda.c:2276:26:IRDA_SetConfig	24	static
stm32l4xx_hal_irda.c:2382:26:IRDA_CheckIdleState	32	static
stm32l4xx_hal_irda.c:2433:26:IRDA_WaitOnFlagUntilTimeout	24	static
stm32l4xx_hal_irda.c:2471:13:IRDA_EndTxTransfer	16	static
stm32l4xx_hal_irda.c:2491:13:IRDA_EndRxTransfer	16	static
stm32l4xx_hal_irda.c:2512:13:IRDA_DMATransmitCplt	24	static
stm32l4xx_hal_irda.c:2548:13:IRDA_DMATransmitHalfCplt	24	static
stm32l4xx_hal_irda.c:2567:13:IRDA_DMAReceiveCplt	24	static
stm32l4xx_hal_irda.c:2603:13:IRDA_DMAReceiveHalfCplt	24	static
stm32l4xx_hal_irda.c:2622:13:IRDA_DMAError	24	static
stm32l4xx_hal_irda.c:2662:13:IRDA_DMAAbortOnError	24	static
stm32l4xx_hal_irda.c:2685:13:IRDA_DMATxAbortCallback	24	static
stm32l4xx_hal_irda.c:2733:13:IRDA_DMARxAbortCallback	24	static
stm32l4xx_hal_irda.c:2781:13:IRDA_DMATxOnlyAbortCallback	24	static
stm32l4xx_hal_irda.c:2808:13:IRDA_DMARxOnlyAbortCallback	24	static
stm32l4xx_hal_irda.c:2838:13:IRDA_Transmit_IT	24	static
stm32l4xx_hal_irda.c:2881:13:IRDA_EndTransmit_IT	16	static
stm32l4xx_hal_irda.c:2906:13:IRDA_Receive_IT	24	static
