stm32l4xx_hal_smartcard.c:329:19:HAL_SMARTCARD_Init	16	static
stm32l4xx_hal_smartcard.c:402:19:HAL_SMARTCARD_DeInit	16	static
stm32l4xx_hal_smartcard.c:452:13:HAL_SMARTCARD_MspInit	16	static
stm32l4xx_hal_smartcard.c:468:13:HAL_SMARTCARD_MspDeInit	16	static
stm32l4xx_hal_smartcard.c:818:19:HAL_SMARTCARD_Transmit	40	static
stm32l4xx_hal_smartcard.c:907:19:HAL_SMARTCARD_Receive	40	static
stm32l4xx_hal_smartcard.c:975:19:HAL_SMARTCARD_Transmit_IT	24	static
stm32l4xx_hal_smartcard.c:1074:19:HAL_SMARTCARD_Receive_IT	24	static
stm32l4xx_hal_smartcard.c:1149:19:HAL_SMARTCARD_Transmit_DMA	24	static
stm32l4xx_hal_smartcard.c:1238:19:HAL_SMARTCARD_Receive_DMA	24	static
stm32l4xx_hal_smartcard.c:1318:19:HAL_SMARTCARD_Abort	16	static
stm32l4xx_hal_smartcard.c:1415:19:HAL_SMARTCARD_AbortTransmit	16	static
stm32l4xx_hal_smartcard.c:1483:19:HAL_SMARTCARD_AbortReceive	16	static
stm32l4xx_hal_smartcard.c:1556:19:HAL_SMARTCARD_Abort_IT	24	static
stm32l4xx_hal_smartcard.c:1703:19:HAL_SMARTCARD_AbortTransmit_IT	16	static
stm32l4xx_hal_smartcard.c:1803:19:HAL_SMARTCARD_AbortReceive_IT	16	static
stm32l4xx_hal_smartcard.c:1902:6:HAL_SMARTCARD_IRQHandler	40	static
stm32l4xx_hal_smartcard.c:2216:13:HAL_SMARTCARD_TxCpltCallback	16	static
stm32l4xx_hal_smartcard.c:2232:13:HAL_SMARTCARD_RxCpltCallback	16	static
stm32l4xx_hal_smartcard.c:2248:13:HAL_SMARTCARD_ErrorCallback	16	static
stm32l4xx_hal_smartcard.c:2264:13:HAL_SMARTCARD_AbortCpltCallback	16	static
stm32l4xx_hal_smartcard.c:2280:13:HAL_SMARTCARD_AbortTransmitCpltCallback	16	static
stm32l4xx_hal_smartcard.c:2296:13:HAL_SMARTCARD_AbortReceiveCpltCallback	16	static
stm32l4xx_hal_smartcard.c:2335:28:HAL_SMARTCARD_GetState	24	static
stm32l4xx_hal_smartcard.c:2352:10:HAL_SMARTCARD_GetError	16	static
stm32l4xx_hal_smartcard.c:2398:26:SMARTCARD_SetConfig	24	static
stm32l4xx_hal_smartcard.c:2554:13:SMARTCARD_AdvFeatureConfig	16	static
stm32l4xx_hal_smartcard.c:2616:26:SMARTCARD_CheckIdleState	32	static
stm32l4xx_hal_smartcard.c:2669:26:SMARTCARD_WaitOnFlagUntilTimeout	24	static
stm32l4xx_hal_smartcard.c:2707:13:SMARTCARD_EndTxTransfer	16	static
stm32l4xx_hal_smartcard.c:2728:13:SMARTCARD_EndRxTransfer	16	static
stm32l4xx_hal_smartcard.c:2749:13:SMARTCARD_DMATransmitCplt	24	static
stm32l4xx_hal_smartcard.c:2768:13:SMARTCARD_DMAReceiveCplt	24	static
stm32l4xx_hal_smartcard.c:2799:13:SMARTCARD_DMAError	24	static
stm32l4xx_hal_smartcard.c:2839:13:SMARTCARD_DMAAbortOnError	24	static
stm32l4xx_hal_smartcard.c:2862:13:SMARTCARD_DMATxAbortCallback	24	static
stm32l4xx_hal_smartcard.c:2911:13:SMARTCARD_DMARxAbortCallback	24	static
stm32l4xx_hal_smartcard.c:2960:13:SMARTCARD_DMATxOnlyAbortCallback	24	static
stm32l4xx_hal_smartcard.c:2989:13:SMARTCARD_DMARxOnlyAbortCallback	24	static
stm32l4xx_hal_smartcard.c:3021:13:SMARTCARD_TxISR	16	static
stm32l4xx_hal_smartcard.c:3095:13:SMARTCARD_EndTransmit_IT	16	static
stm32l4xx_hal_smartcard.c:3141:13:SMARTCARD_RxISR	16	static
