Archive member included to satisfy reference by file (symbol)

c:/program files (x86)/atollic/truestudio for stm32 9.0.1/armtools/bin/../lib/gcc/arm-atollic-eabi/6.3.1/../../../../arm-atollic-eabi/lib/armv7e-m/fpu\libc_nano.a(lib_a-errno.o)
                              src\bsp\syscalls.o (__errno)
c:/program files (x86)/atollic/truestudio for stm32 9.0.1/armtools/bin/../lib/gcc/arm-atollic-eabi/6.3.1/../../../../arm-atollic-eabi/lib/armv7e-m/fpu\libc_nano.a(lib_a-impure.o)
                              c:/program files (x86)/atollic/truestudio for stm32 9.0.1/armtools/bin/../lib/gcc/arm-atollic-eabi/6.3.1/../../../../arm-atollic-eabi/lib/armv7e-m/fpu\libc_nano.a(lib_a-errno.o) (_impure_ptr)
c:/program files (x86)/atollic/truestudio for stm32 9.0.1/armtools/bin/../lib/gcc/arm-atollic-eabi/6.3.1/../../../../arm-atollic-eabi/lib/armv7e-m/fpu\libc_nano.a(lib_a-init.o)
                              src\bsp\startup\startup_stm32l432xx.o (__libc_init_array)
c:/program files (x86)/atollic/truestudio for stm32 9.0.1/armtools/bin/../lib/gcc/arm-atollic-eabi/6.3.1/../../../../arm-atollic-eabi/lib/armv7e-m/fpu\libc_nano.a(lib_a-memset.o)
                              src\bsp\bsp.o (memset)
c:/program files (x86)/atollic/truestudio for stm32 9.0.1/armtools/bin/../lib/gcc/arm-atollic-eabi/6.3.1/../../../../arm-atollic-eabi/lib/armv7e-m/fpu\libc_nano.a(lib_a-printf.o)
                              src\ap\ap.o (printf)
c:/program files (x86)/atollic/truestudio for stm32 9.0.1/armtools/bin/../lib/gcc/arm-atollic-eabi/6.3.1/../../../../arm-atollic-eabi/lib/armv7e-m/fpu\libc_nano.a(lib_a-vsnprintf.o)
                              src\hw\driver\uart.o (vsnprintf)
c:/program files (x86)/atollic/truestudio for stm32 9.0.1/armtools/bin/../lib/gcc/arm-atollic-eabi/6.3.1/../../../../arm-atollic-eabi/lib/armv7e-m/fpu\libc_nano.a(lib_a-findfp.o)
                              c:/program files (x86)/atollic/truestudio for stm32 9.0.1/armtools/bin/../lib/gcc/arm-atollic-eabi/6.3.1/../../../../arm-atollic-eabi/lib/armv7e-m/fpu\libc_nano.a(lib_a-printf.o) (__sinit)
c:/program files (x86)/atollic/truestudio for stm32 9.0.1/armtools/bin/../lib/gcc/arm-atollic-eabi/6.3.1/../../../../arm-atollic-eabi/lib/armv7e-m/fpu\libc_nano.a(lib_a-fwalk.o)
                              c:/program files (x86)/atollic/truestudio for stm32 9.0.1/armtools/bin/../lib/gcc/arm-atollic-eabi/6.3.1/../../../../arm-atollic-eabi/lib/armv7e-m/fpu\libc_nano.a(lib_a-findfp.o) (_fwalk)
c:/program files (x86)/atollic/truestudio for stm32 9.0.1/armtools/bin/../lib/gcc/arm-atollic-eabi/6.3.1/../../../../arm-atollic-eabi/lib/armv7e-m/fpu\libc_nano.a(lib_a-nano-mallocr.o)
                              c:/program files (x86)/atollic/truestudio for stm32 9.0.1/armtools/bin/../lib/gcc/arm-atollic-eabi/6.3.1/../../../../arm-atollic-eabi/lib/armv7e-m/fpu\libc_nano.a(lib_a-findfp.o) (_malloc_r)
c:/program files (x86)/atollic/truestudio for stm32 9.0.1/armtools/bin/../lib/gcc/arm-atollic-eabi/6.3.1/../../../../arm-atollic-eabi/lib/armv7e-m/fpu\libc_nano.a(lib_a-nano-svfprintf.o)
                              c:/program files (x86)/atollic/truestudio for stm32 9.0.1/armtools/bin/../lib/gcc/arm-atollic-eabi/6.3.1/../../../../arm-atollic-eabi/lib/armv7e-m/fpu\libc_nano.a(lib_a-vsnprintf.o) (_svfprintf_r)
c:/program files (x86)/atollic/truestudio for stm32 9.0.1/armtools/bin/../lib/gcc/arm-atollic-eabi/6.3.1/../../../../arm-atollic-eabi/lib/armv7e-m/fpu\libc_nano.a(lib_a-nano-vfprintf.o)
                              c:/program files (x86)/atollic/truestudio for stm32 9.0.1/armtools/bin/../lib/gcc/arm-atollic-eabi/6.3.1/../../../../arm-atollic-eabi/lib/armv7e-m/fpu\libc_nano.a(lib_a-printf.o) (_vfprintf_r)
c:/program files (x86)/atollic/truestudio for stm32 9.0.1/armtools/bin/../lib/gcc/arm-atollic-eabi/6.3.1/../../../../arm-atollic-eabi/lib/armv7e-m/fpu\libc_nano.a(lib_a-nano-vfprintf_i.o)
                              c:/program files (x86)/atollic/truestudio for stm32 9.0.1/armtools/bin/../lib/gcc/arm-atollic-eabi/6.3.1/../../../../arm-atollic-eabi/lib/armv7e-m/fpu\libc_nano.a(lib_a-nano-svfprintf.o) (_printf_i)
c:/program files (x86)/atollic/truestudio for stm32 9.0.1/armtools/bin/../lib/gcc/arm-atollic-eabi/6.3.1/../../../../arm-atollic-eabi/lib/armv7e-m/fpu\libc_nano.a(lib_a-sbrkr.o)
                              c:/program files (x86)/atollic/truestudio for stm32 9.0.1/armtools/bin/../lib/gcc/arm-atollic-eabi/6.3.1/../../../../arm-atollic-eabi/lib/armv7e-m/fpu\libc_nano.a(lib_a-nano-mallocr.o) (_sbrk_r)
c:/program files (x86)/atollic/truestudio for stm32 9.0.1/armtools/bin/../lib/gcc/arm-atollic-eabi/6.3.1/../../../../arm-atollic-eabi/lib/armv7e-m/fpu\libc_nano.a(lib_a-stdio.o)
                              c:/program files (x86)/atollic/truestudio for stm32 9.0.1/armtools/bin/../lib/gcc/arm-atollic-eabi/6.3.1/../../../../arm-atollic-eabi/lib/armv7e-m/fpu\libc_nano.a(lib_a-findfp.o) (__sread)
[...]
Memory Configuration

Name             Origin             Length             Attributes
FLASH            0x08000000         0x00040000         xr
RAM              0x20000000         0x0000c000         xrw
RAM2             0x10000000         0x00004000         rw
MEMORY_B1        0x60000000         0x00000000         xr
*default*        0x00000000         0xffffffff

Linker script and memory map

LOAD c:/program files (x86)/atollic/truestudio for stm32 9.0.1/armtools/bin/../lib/gcc/arm-atollic-eabi/6.3.1/armv7e-m/fpu/crti.o
LOAD c:/program files (x86)/atollic/truestudio for stm32 9.0.1/armtools/bin/../lib/gcc/arm-atollic-eabi/6.3.1/armv7e-m/fpu/crtbegin.o
LOAD src\ap\ap.o
LOAD src\bsp\bsp.o
LOAD src\bsp\cmsis\system_stm32l4xx.o
LOAD src\bsp\startup\startup_stm32l432xx.o
LOAD src\bsp\stm32l4xx_it.o
LOAD src\bsp\syscalls.o
LOAD src\common\core\qbuffer.o
LOAD src\hw\core\delay.o
LOAD src\hw\core\millis.o
LOAD src\hw\driver\led.o
LOAD src\hw\driver\uart.o
LOAD src\hw\hw.o
LOAD src\lib\STM32L4xx_HAL_Driver\Src\Legacy\stm32l4xx_hal_can.o
LOAD src\lib\STM32L4xx_HAL_Driver\Src\stm32l4xx_hal.o
LOAD src\lib\STM32L4xx_HAL_Driver\Src\stm32l4xx_hal_adc.o
LOAD src\lib\STM32L4xx_HAL_Driver\Src\stm32l4xx_hal_adc_ex.o
LOAD src\lib\STM32L4xx_HAL_Driver\Src\stm32l4xx_hal_can.o
LOAD src\lib\STM32L4xx_HAL_Driver\Src\stm32l4xx_hal_comp.o
LOAD src\lib\STM32L4xx_HAL_Driver\Src\stm32l4xx_hal_cortex.o
LOAD src\lib\STM32L4xx_HAL_Driver\Src\stm32l4xx_hal_crc.o
LOAD src\lib\STM32L4xx_HAL_Driver\Src\stm32l4xx_hal_crc_ex.o
LOAD src\lib\STM32L4xx_HAL_Driver\Src\stm32l4xx_hal_cryp.o
LOAD src\lib\STM32L4xx_HAL_Driver\Src\stm32l4xx_hal_cryp_ex.o
LOAD src\lib\STM32L4xx_HAL_Driver\Src\stm32l4xx_hal_dac.o
LOAD src\lib\STM32L4xx_HAL_Driver\Src\stm32l4xx_hal_dac_ex.o
LOAD src\lib\STM32L4xx_HAL_Driver\Src\stm32l4xx_hal_dcmi.o
LOAD src\lib\STM32L4xx_HAL_Driver\Src\stm32l4xx_hal_dfsdm.o
LOAD src\lib\STM32L4xx_HAL_Driver\Src\stm32l4xx_hal_dfsdm_ex.o
LOAD src\lib\STM32L4xx_HAL_Driver\Src\stm32l4xx_hal_dma.o
LOAD src\lib\STM32L4xx_HAL_Driver\Src\stm32l4xx_hal_dma2d.o
LOAD src\lib\STM32L4xx_HAL_Driver\Src\stm32l4xx_hal_dma_ex.o
LOAD src\lib\STM32L4xx_HAL_Driver\Src\stm32l4xx_hal_dsi.o
LOAD src\lib\STM32L4xx_HAL_Driver\Src\stm32l4xx_hal_exti.o
LOAD src\lib\STM32L4xx_HAL_Driver\Src\stm32l4xx_hal_firewall.o
LOAD src\lib\STM32L4xx_HAL_Driver\Src\stm32l4xx_hal_flash.o
LOAD src\lib\STM32L4xx_HAL_Driver\Src\stm32l4xx_hal_flash_ex.o
LOAD src\lib\STM32L4xx_HAL_Driver\Src\stm32l4xx_hal_flash_ramfunc.o
LOAD src\lib\STM32L4xx_HAL_Driver\Src\stm32l4xx_hal_gfxmmu.o
LOAD src\lib\STM32L4xx_HAL_Driver\Src\stm32l4xx_hal_gpio.o
LOAD src\lib\STM32L4xx_HAL_Driver\Src\stm32l4xx_hal_hash.o
LOAD src\lib\STM32L4xx_HAL_Driver\Src\stm32l4xx_hal_hash_ex.o
LOAD src\lib\STM32L4xx_HAL_Driver\Src\stm32l4xx_hal_hcd.o
LOAD src\lib\STM32L4xx_HAL_Driver\Src\stm32l4xx_hal_i2c.o
LOAD src\lib\STM32L4xx_HAL_Driver\Src\stm32l4xx_hal_i2c_ex.o
LOAD src\lib\STM32L4xx_HAL_Driver\Src\stm32l4xx_hal_irda.o
LOAD src\lib\STM32L4xx_HAL_Driver\Src\stm32l4xx_hal_iwdg.o
LOAD src\lib\STM32L4xx_HAL_Driver\Src\stm32l4xx_hal_lcd.o
LOAD src\lib\STM32L4xx_HAL_Driver\Src\stm32l4xx_hal_lptim.o
LOAD src\lib\STM32L4xx_HAL_Driver\Src\stm32l4xx_hal_ltdc.o
LOAD src\lib\STM32L4xx_HAL_Driver\Src\stm32l4xx_hal_ltdc_ex.o
LOAD src\lib\STM32L4xx_HAL_Driver\Src\stm32l4xx_hal_mmc.o
LOAD src\lib\STM32L4xx_HAL_Driver\Src\stm32l4xx_hal_mmc_ex.o
LOAD src\lib\STM32L4xx_HAL_Driver\Src\stm32l4xx_hal_nand.o
LOAD src\lib\STM32L4xx_HAL_Driver\Src\stm32l4xx_hal_nor.o
LOAD src\lib\STM32L4xx_HAL_Driver\Src\stm32l4xx_hal_opamp.o
LOAD src\lib\STM32L4xx_HAL_Driver\Src\stm32l4xx_hal_opamp_ex.o
LOAD src\lib\STM32L4xx_HAL_Driver\Src\stm32l4xx_hal_ospi.o
LOAD src\lib\STM32L4xx_HAL_Driver\Src\stm32l4xx_hal_pcd.o
LOAD src\lib\STM32L4xx_HAL_Driver\Src\stm32l4xx_hal_pcd_ex.o
LOAD src\lib\STM32L4xx_HAL_Driver\Src\stm32l4xx_hal_pwr.o
LOAD src\lib\STM32L4xx_HAL_Driver\Src\stm32l4xx_hal_pwr_ex.o
LOAD src\lib\STM32L4xx_HAL_Driver\Src\stm32l4xx_hal_qspi.o
LOAD src\lib\STM32L4xx_HAL_Driver\Src\stm32l4xx_hal_rcc.o
LOAD src\lib\STM32L4xx_HAL_Driver\Src\stm32l4xx_hal_rcc_ex.o
LOAD src\lib\STM32L4xx_HAL_Driver\Src\stm32l4xx_hal_rng.o
LOAD src\lib\STM32L4xx_HAL_Driver\Src\stm32l4xx_hal_rtc.o
LOAD src\lib\STM32L4xx_HAL_Driver\Src\stm32l4xx_hal_rtc_ex.o
LOAD src\lib\STM32L4xx_HAL_Driver\Src\stm32l4xx_hal_sai.o
LOAD src\lib\STM32L4xx_HAL_Driver\Src\stm32l4xx_hal_sai_ex.o
LOAD src\lib\STM32L4xx_HAL_Driver\Src\stm32l4xx_hal_sd.o
LOAD src\lib\STM32L4xx_HAL_Driver\Src\stm32l4xx_hal_sd_ex.o
LOAD src\lib\STM32L4xx_HAL_Driver\Src\stm32l4xx_hal_smartcard.o
LOAD src\lib\STM32L4xx_HAL_Driver\Src\stm32l4xx_hal_smartcard_ex.o
LOAD src\lib\STM32L4xx_HAL_Driver\Src\stm32l4xx_hal_smbus.o
LOAD src\lib\STM32L4xx_HAL_Driver\Src\stm32l4xx_hal_spi.o
LOAD src\lib\STM32L4xx_HAL_Driver\Src\stm32l4xx_hal_spi_ex.o
LOAD src\lib\STM32L4xx_HAL_Driver\Src\stm32l4xx_hal_sram.o
LOAD src\lib\STM32L4xx_HAL_Driver\Src\stm32l4xx_hal_swpmi.o
LOAD src\lib\STM32L4xx_HAL_Driver\Src\stm32l4xx_hal_tim.o
LOAD src\lib\STM32L4xx_HAL_Driver\Src\stm32l4xx_hal_tim_ex.o
LOAD src\lib\STM32L4xx_HAL_Driver\Src\stm32l4xx_hal_tsc.o
LOAD src\lib\STM32L4xx_HAL_Driver\Src\stm32l4xx_hal_uart.o
LOAD src\lib\STM32L4xx_HAL_Driver\Src\stm32l4xx_hal_uart_ex.o
LOAD src\lib\STM32L4xx_HAL_Driver\Src\stm32l4xx_hal_usart.o
LOAD src\lib\STM32L4xx_HAL_Driver\Src\stm32l4xx_hal_usart_ex.o
LOAD src\lib\STM32L4xx_HAL_Driver\Src\stm32l4xx_hal_wwdg.o
LOAD src\lib\STM32L4xx_HAL_Driver\Src\stm32l4xx_ll_adc.o
LOAD src\lib\STM32L4xx_HAL_Driver\Src\stm32l4xx_ll_comp.o
LOAD src\lib\STM32L4xx_HAL_Driver\Src\stm32l4xx_ll_crc.o
LOAD src\lib\STM32L4xx_HAL_Driver\Src\stm32l4xx_ll_crs.o
LOAD src\lib\STM32L4xx_HAL_Driver\Src\stm32l4xx_ll_dac.o
LOAD src\lib\STM32L4xx_HAL_Driver\Src\stm32l4xx_ll_dma.o
LOAD src\lib\STM32L4xx_HAL_Driver\Src\stm32l4xx_ll_dma2d.o
LOAD src\lib\STM32L4xx_HAL_Driver\Src\stm32l4xx_ll_exti.o
LOAD src\lib\STM32L4xx_HAL_Driver\Src\stm32l4xx_ll_fmc.o
LOAD src\lib\STM32L4xx_HAL_Driver\Src\stm32l4xx_ll_gpio.o
LOAD src\lib\STM32L4xx_HAL_Driver\Src\stm32l4xx_ll_i2c.o
LOAD src\lib\STM32L4xx_HAL_Driver\Src\stm32l4xx_ll_lptim.o
LOAD src\lib\STM32L4xx_HAL_Driver\Src\stm32l4xx_ll_lpuart.o
LOAD src\lib\STM32L4xx_HAL_Driver\Src\stm32l4xx_ll_opamp.o
LOAD src\lib\STM32L4xx_HAL_Driver\Src\stm32l4xx_ll_pwr.o
LOAD src\lib\STM32L4xx_HAL_Driver\Src\stm32l4xx_ll_rcc.o
LOAD src\lib\STM32L4xx_HAL_Driver\Src\stm32l4xx_ll_rng.o
LOAD src\lib\STM32L4xx_HAL_Driver\Src\stm32l4xx_ll_rtc.o
LOAD src\lib\STM32L4xx_HAL_Driver\Src\stm32l4xx_ll_sdmmc.o
LOAD src\lib\STM32L4xx_HAL_Driver\Src\stm32l4xx_ll_spi.o
LOAD src\lib\STM32L4xx_HAL_Driver\Src\stm32l4xx_ll_swpmi.o
LOAD src\lib\STM32L4xx_HAL_Driver\Src\stm32l4xx_ll_tim.o
LOAD src\lib\STM32L4xx_HAL_Driver\Src\stm32l4xx_ll_usart.o
LOAD src\lib\STM32L4xx_HAL_Driver\Src\stm32l4xx_ll_usb.o
LOAD src\lib\STM32L4xx_HAL_Driver\Src\stm32l4xx_ll_utils.o
LOAD src\main.o
                0x00001000                malloc_getpagesize_P = 0x1000
START GROUP
LOAD c:/program files (x86)/atollic/truestudio for stm32 9.0.1/armtools/bin/../lib/gcc/arm-atollic-eabi/6.3.1/../../../../arm-atollic-eabi/lib/armv7e-m/fpu\libstdc++_nano.a
LOAD c:/program files (x86)/atollic/truestudio for stm32 9.0.1/armtools/bin/../lib/gcc/arm-atollic-eabi/6.3.1/../../../../arm-atollic-eabi/lib/armv7e-m/fpu\libsupc++_nano.a
END GROUP
LOAD c:/program files (x86)/atollic/truestudio for stm32 9.0.1/armtools/bin/../lib/gcc/arm-atollic-eabi/6.3.1/../../../../arm-atollic-eabi/lib/armv7e-m/fpu\libstdc++_nano.a
LOAD c:/program files (x86)/atollic/truestudio for stm32 9.0.1/armtools/bin/../lib/gcc/arm-atollic-eabi/6.3.1/../../../../arm-atollic-eabi/lib/armv7e-m/fpu\libm.a
LOAD c:/program files (x86)/atollic/truestudio for stm32 9.0.1/armtools/bin/../lib/gcc/arm-atollic-eabi/6.3.1/../../../../arm-atollic-eabi/lib/armv7e-m/fpu\libc_nano.a
START GROUP
LOAD c:/program files (x86)/atollic/truestudio for stm32 9.0.1/armtools/bin/../lib/gcc/arm-atollic-eabi/6.3.1/armv7e-m/fpu\libgcc.a
LOAD c:/program files (x86)/atollic/truestudio for stm32 9.0.1/armtools/bin/../lib/gcc/arm-atollic-eabi/6.3.1/../../../../arm-atollic-eabi/lib/armv7e-m/fpu\libc_nano.a
END GROUP
START GROUP
LOAD c:/program files (x86)/atollic/truestudio for stm32 9.0.1/armtools/bin/../lib/gcc/arm-atollic-eabi/6.3.1/armv7e-m/fpu\libgcc.a
LOAD c:/program files (x86)/atollic/truestudio for stm32 9.0.1/armtools/bin/../lib/gcc/arm-atollic-eabi/6.3.1/../../../../arm-atollic-eabi/lib/armv7e-m/fpu\libc_nano.a
LOAD c:/program files (x86)/atollic/truestudio for stm32 9.0.1/armtools/bin/../lib/gcc/arm-atollic-eabi/6.3.1/../../../../arm-atollic-eabi/lib/armv7e-m/fpu\libnosys.a
END GROUP
START GROUP
LOAD c:/program files (x86)/atollic/truestudio for stm32 9.0.1/armtools/bin/../lib/gcc/arm-atollic-eabi/6.3.1/armv7e-m/fpu\libgcc.a
LOAD c:/program files (x86)/atollic/truestudio for stm32 9.0.1/armtools/bin/../lib/gcc/arm-atollic-eabi/6.3.1/../../../../arm-atollic-eabi/lib/armv7e-m/fpu\libc_nano.a
LOAD c:/program files (x86)/atollic/truestudio for stm32 9.0.1/armtools/bin/../lib/gcc/arm-atollic-eabi/6.3.1/../../../../arm-atollic-eabi/lib/armv7e-m/fpu\libnosys.a
END GROUP
LOAD c:/program files (x86)/atollic/truestudio for stm32 9.0.1/armtools/bin/../lib/gcc/arm-atollic-eabi/6.3.1/armv7e-m/fpu/crtend.o
LOAD c:/program files (x86)/atollic/truestudio for stm32 9.0.1/armtools/bin/../lib/gcc/arm-atollic-eabi/6.3.1/armv7e-m/fpu/crtn.o
                0x2000c000                _estack = 0x2000c000
                0x00000000                _Min_Heap_Size = 0x0
                0x00000200                _Min_Stack_Size = 0x200

.isr_vector     0x08000000      0x18c
                0x08000000                . = ALIGN (0x4)
 *(.isr_vector)
 .isr_vector    0x08000000      0x18c src\bsp\startup\startup_stm32l432xx.o
                0x08000000                g_pfnVectors
                0x0800018c                . = ALIGN (0x4)

.text           0x08000190     0x6098
                0x08000190                . = ALIGN (0x4)
 *(.text)
 .text          0x08000190       0x40 c:/program files (x86)/atollic/truestudio for stm32 9.0.1/armtools/bin/../lib/gcc/arm-atollic-eabi/6.3.1/armv7e-m/fpu/crtbegin.o
 .text          0x080001d0       0xa0 c:/program files (x86)/atollic/truestudio for stm32 9.0.1/armtools/bin/../lib/gcc/arm-atollic-eabi/6.3.1/../../../../arm-atollic-eabi/lib/armv7e-m/fpu\libc_nano.a(lib_a-memchr.o)
                0x080001d0                memchr
 .text          0x08000270       0x30 c:/program files (x86)/atollic/truestudio for stm32 9.0.1/armtools/bin/../lib/gcc/arm-atollic-eabi/6.3.1/armv7e-m/fpu\libgcc.a(_aeabi_uldivmod.o)
                0x08000270                __aeabi_uldivmod
 .text          0x080002a0      0x2dc c:/program files (x86)/atollic/truestudio for stm32 9.0.1/armtools/bin/../lib/gcc/arm-atollic-eabi/6.3.1/armv7e-m/fpu\libgcc.a(_udivmoddi4.o)
                0x080002a0                __udivmoddi4
 .text          0x0800057c      0x9cc c:/program files (x86)/atollic/truestudio for stm32 9.0.1/armtools/bin/../lib/gcc/arm-atollic-eabi/6.3.1/armv7e-m/fpu\libgcc.a(unwind-arm.o)
                0x0800083c                _Unwind_GetCFA
                0x08000840                __gnu_Unwind_RaiseException
                0x080008a0                __gnu_Unwind_ForcedUnwind
                0x080008b4                __gnu_Unwind_Resume
                0x080008f8                __gnu_Unwind_Resume_or_Rethrow
                0x08000908                _Unwind_Complete
                0x0800090c                _Unwind_DeleteException
                0x08000918                _Unwind_VRS_Get
                0x08000964                _Unwind_VRS_Set
                0x080009b4                __gnu_Unwind_Backtrace
                0x08000cf4                __aeabi_unwind_cpp_pr0
                0x08000cf8                __aeabi_unwind_cpp_pr1
                0x08000cfc                __aeabi_unwind_cpp_pr2
                0x08000d00                _Unwind_VRS_Pop
 .text          0x08000f48      0x1ac c:/program files (x86)/atollic/truestudio for stm32 9.0.1/armtools/bin/../lib/gcc/arm-atollic-eabi/6.3.1/armv7e-m/fpu\libgcc.a(libunwind.o)
                0x08000f48                __restore_core_regs
                0x08000f48                restore_core_regs
                0x08000f60                __gnu_Unwind_Restore_VFP
                0x08000f68                __gnu_Unwind_Save_VFP
                0x08000f70                __gnu_Unwind_Restore_VFP_D
                0x08000f78                __gnu_Unwind_Save_VFP_D
                0x08000f80                __gnu_Unwind_Restore_VFP_D_16_to_31
                0x08000f88                __gnu_Unwind_Save_VFP_D_16_to_31
                0x08000f90                __gnu_Unwind_Restore_WMMXD
                0x08000fd4                __gnu_Unwind_Save_WMMXD
                0x08001018                __gnu_Unwind_Restore_WMMXC
                0x0800102c                __gnu_Unwind_Save_WMMXC
                0x08001040                ___Unwind_RaiseException
                0x08001040                _Unwind_RaiseException
                0x08001064                _Unwind_Resume
                0x08001064                ___Unwind_Resume
                0x08001088                _Unwind_Resume_or_Rethrow
                0x08001088                ___Unwind_Resume_or_Rethrow
                0x080010ac                _Unwind_ForcedUnwind
                0x080010ac                ___Unwind_ForcedUnwind
                0x080010d0                ___Unwind_Backtrace
                0x080010d0                _Unwind_Backtrace
 .text          0x080010f4      0x380 c:/program files (x86)/atollic/truestudio for stm32 9.0.1/armtools/bin/../lib/gcc/arm-atollic-eabi/6.3.1/armv7e-m/fpu\libgcc.a(pr-support.o)
                0x0800114c                __gnu_unwind_execute
                0x0800141c                __gnu_unwind_frame
                0x08001444                _Unwind_GetRegionStart
                0x08001450                _Unwind_GetLanguageSpecificData
                0x08001464                _Unwind_GetTextRelBase
                0x0800146c                _Unwind_GetDataRelBase
 .text          0x08001474        0x4 c:/program files (x86)/atollic/truestudio for stm32 9.0.1/armtools/bin/../lib/gcc/arm-atollic-eabi/6.3.1/armv7e-m/fpu\libgcc.a(_dvmd_tls.o)
                0x08001474                __aeabi_idiv0
                0x08001474                __aeabi_ldiv0
 *(.text*)
 .text._Z6apInitv
                0x08001478       0x12 src\ap\ap.o
                0x08001478                apInit()
 *fill*         0x0800148a        0x2 
 .text._Z6apMainv
                0x0800148c       0x5c src\ap\ap.o
                0x0800148c                apMain()
 .text.bspInit  0x080014e8       0x4c src\bsp\bsp.o
                0x080014e8                bspInit
 .text.__io_putchar
                0x08001534       0x1e src\bsp\bsp.o
                0x08001534                __io_putchar
 *fill*         0x08001552        0x2 
 .text.SystemClock_Config
                0x08001554      0x100 src\bsp\bsp.o
                0x08001554                SystemClock_Config
 .text.Error_Handler
                0x08001654        0x6 src\bsp\bsp.o
                0x08001654                Error_Handler
 *fill*         0x0800165a        0x2 
 .text.SystemInit
                0x0800165c       0x6c src\bsp\cmsis\system_stm32l4xx.o
                0x0800165c                SystemInit
 .text.Reset_Handler
                0x080016c8       0x50 src\bsp\startup\startup_stm32l432xx.o
                0x080016c8                Reset_Handler
 .text.Default_Handler
                0x08001718        0x2 src\bsp\startup\startup_stm32l432xx.o
                0x08001718                RTC_Alarm_IRQHandler
                0x08001718                EXTI2_IRQHandler
                0x08001718                TIM1_CC_IRQHandler
                0x08001718                TSC_IRQHandler
                0x08001718                TAMP_STAMP_IRQHandler
                0x08001718                EXTI3_IRQHandler
                0x08001718                LPTIM2_IRQHandler
                0x08001718                I2C3_ER_IRQHandler
                0x08001718                EXTI0_IRQHandler
                0x08001718                CAN1_RX0_IRQHandler
                0x08001718                FPU_IRQHandler
                0x08001718                TIM1_UP_TIM16_IRQHandler
                0x08001718                SPI1_IRQHandler
                0x08001718                TIM6_DAC_IRQHandler
                0x08001718                DMA2_Channel2_IRQHandler
                0x08001718                DMA1_Channel4_IRQHandler
                0x08001718                ADC1_IRQHandler
                0x08001718                DMA1_Channel7_IRQHandler
                0x08001718                CAN1_RX1_IRQHandler
                0x08001718                DMA2_Channel1_IRQHandler
                0x08001718                QUADSPI_IRQHandler
                0x08001718                I2C1_EV_IRQHandler
                0x08001718                DMA1_Channel6_IRQHandler
                0x08001718                DMA2_Channel4_IRQHandler
                0x08001718                RCC_IRQHandler
                0x08001718                TIM1_TRG_COM_IRQHandler
                0x08001718                DMA1_Channel1_IRQHandler
                0x08001718                Default_Handler
                0x08001718                DMA2_Channel7_IRQHandler
                0x08001718                EXTI15_10_IRQHandler
                0x08001718                TIM7_IRQHandler
                0x08001718                I2C3_EV_IRQHandler
                0x08001718                USB_IRQHandler
                0x08001718                EXTI9_5_IRQHandler
                0x08001718                RTC_WKUP_IRQHandler
                0x08001718                PVD_PVM_IRQHandler
                0x08001718                CAN1_TX_IRQHandler
                0x08001718                DMA2_Channel5_IRQHandler
                0x08001718                CRS_IRQHandler
                0x08001718                DMA1_Channel5_IRQHandler
                0x08001718                EXTI4_IRQHandler
                0x08001718                RNG_IRQHandler
                0x08001718                DMA1_Channel3_IRQHandler
                0x08001718                COMP_IRQHandler
                0x08001718                WWDG_IRQHandler
                0x08001718                LPUART1_IRQHandler
                0x08001718                DMA2_Channel6_IRQHandler
                0x08001718                TIM2_IRQHandler
                0x08001718                EXTI1_IRQHandler
                0x08001718                USART2_IRQHandler
                0x08001718                DMA1_Channel2_IRQHandler
                0x08001718                CAN1_SCE_IRQHandler
                0x08001718                FLASH_IRQHandler
                0x08001718                USART1_IRQHandler
                0x08001718                SPI3_IRQHandler
                0x08001718                I2C1_ER_IRQHandler
                0x08001718                SWPMI1_IRQHandler
                0x08001718                LPTIM1_IRQHandler
                0x08001718                SAI1_IRQHandler
                0x08001718                DMA2_Channel3_IRQHandler
                0x08001718                TIM1_BRK_TIM15_IRQHandler
 .text.NMI_Handler
                0x0800171a        0xe src\bsp\stm32l4xx_it.o
                0x0800171a                NMI_Handler
 .text.HardFault_Handler
                0x08001728        0x6 src\bsp\stm32l4xx_it.o
                0x08001728                HardFault_Handler
 .text.MemManage_Handler
                0x0800172e        0x6 src\bsp\stm32l4xx_it.o
                0x0800172e                MemManage_Handler
 .text.BusFault_Handler
                0x08001734        0x6 src\bsp\stm32l4xx_it.o
                0x08001734                BusFault_Handler
 .text.UsageFault_Handler
                0x0800173a        0x6 src\bsp\stm32l4xx_it.o
                0x0800173a                UsageFault_Handler
 .text.SVC_Handler
                0x08001740        0xe src\bsp\stm32l4xx_it.o
                0x08001740                SVC_Handler
 .text.DebugMon_Handler
                0x0800174e        0xe src\bsp\stm32l4xx_it.o
                0x0800174e                DebugMon_Handler
 .text.PendSV_Handler
                0x0800175c        0xe src\bsp\stm32l4xx_it.o
                0x0800175c                PendSV_Handler
 .text.SysTick_Handler
                0x0800176a        0xc src\bsp\stm32l4xx_it.o
                0x0800176a                SysTick_Handler
 *fill*         0x08001776        0x2 
 .text._sbrk    0x08001778       0x6c src\bsp\syscalls.o
                0x08001778                _sbrk
 .text._getpid  0x080017e4       0x10 src\bsp\syscalls.o
                0x080017e4                _getpid
 .text._kill    0x080017f4       0x20 src\bsp\syscalls.o
                0x080017f4                _kill
 .text._exit    0x08001814       0x14 src\bsp\syscalls.o
                0x08001814                _exit
 .text._write   0x08001828       0x38 src\bsp\syscalls.o
                0x08001828                _write
 .text._close   0x08001860       0x20 src\bsp\syscalls.o
                0x08001860                _close
 .text._fstat   0x08001880       0x20 src\bsp\syscalls.o
                0x08001880                _fstat
 .text._isatty  0x080018a0       0x16 src\bsp\syscalls.o
                0x080018a0                _isatty
 .text._lseek   0x080018b6       0x1a src\bsp\syscalls.o
                0x080018b6                _lseek
 .text._read    0x080018d0       0x9e src\bsp\syscalls.o
                0x080018d0                _read
 .text.qbufferCreate
                0x0800196e       0x48 src\common\core\qbuffer.o
                0x0800196e                qbufferCreate
 .text.qbufferWrite
                0x080019b6       0x84 src\common\core\qbuffer.o
                0x080019b6                qbufferWrite
 .text.qbufferRead
                0x08001a3a       0x84 src\common\core\qbuffer.o
                0x08001a3a                qbufferRead
 .text.qbufferAvailable
                0x08001abe       0x36 src\common\core\qbuffer.o
                0x08001abe                qbufferAvailable
 .text.qbufferFlush
                0x08001af4       0x20 src\common\core\qbuffer.o
                0x08001af4                qbufferFlush
 .text.delayInit
                0x08001b14       0x10 src\hw\core\delay.o
                0x08001b14                delayInit
 .text.millisInit
                0x08001b24       0x10 src\hw\core\millis.o
                0x08001b24                millisInit
 .text.millis   0x08001b34        0xe src\hw\core\millis.o
                0x08001b34                millis
 *fill*         0x08001b42        0x2 
 .text.ledInit  0x08001b44       0x64 src\hw\driver\led.o
                0x08001b44                ledInit
 .text.ledOff   0x08001ba8       0x38 src\hw\driver\led.o
                0x08001ba8                ledOff
 .text.ledToggle
                0x08001be0       0x34 src\hw\driver\led.o
                0x08001be0                ledToggle
 .text.uartInit
                0x08001c14       0xbc src\hw\driver\uart.o
                0x08001c14                uartInit
 .text.uartOpen
                0x08001cd0      0x118 src\hw\driver\uart.o
                0x08001cd0                uartOpen
 .text.uartStartRx
                0x08001de8       0x64 src\hw\driver\uart.o
                0x08001de8                uartStartRx
 .text.uartAvailable
                0x08001e4c       0x84 src\hw\driver\uart.o
                0x08001e4c                uartAvailable
 .text.uartFlush
                0x08001ed0       0xc8 src\hw\driver\uart.o
                0x08001ed0                uartFlush
 .text.uartWrite
                0x08001f98       0x94 src\hw\driver\uart.o
                0x08001f98                uartWrite
 .text.uartRead
                0x0800202c       0x60 src\hw\driver\uart.o
                0x0800202c                uartRead
 .text.uartRxHandler
                0x0800208c       0x54 src\hw\driver\uart.o
                0x0800208c                uartRxHandler
 .text.uartErrHandler
                0x080020e0       0x50 src\hw\driver\uart.o
                0x080020e0                uartErrHandler
 .text.HAL_UART_TxCpltCallback
                0x08002130       0x14 src\hw\driver\uart.o
                0x08002130                HAL_UART_TxCpltCallback
 .text.HAL_UART_ErrorCallback
                0x08002144       0x44 src\hw\driver\uart.o
                0x08002144                HAL_UART_ErrorCallback
 .text.HAL_UART_RxCpltCallback
                0x08002188       0x2c src\hw\driver\uart.o
                0x08002188                HAL_UART_RxCpltCallback
 .text.HAL_UART_MspInit
                0x080021b4      0x12c src\hw\driver\uart.o
                0x080021b4                HAL_UART_MspInit
 .text.HAL_UART_MspDeInit
                0x080022e0       0x44 src\hw\driver\uart.o
                0x080022e0                HAL_UART_MspDeInit
 .text.hwInit   0x08002324       0x1c src\hw\hw.o
                0x08002324                hwInit
 .text.HAL_Init
                0x08002340       0x30 src\lib\STM32L4xx_HAL_Driver\Src\stm32l4xx_hal.o
                0x08002340                HAL_Init
 .text.HAL_MspInit
                0x08002370        0xe src\lib\STM32L4xx_HAL_Driver\Src\stm32l4xx_hal.o
                0x08002370                HAL_MspInit
 *fill*         0x0800237e        0x2 
 .text.HAL_InitTick
                0x08002380       0x74 src\lib\STM32L4xx_HAL_Driver\Src\stm32l4xx_hal.o
                0x08002380                HAL_InitTick
 .text.HAL_IncTick
                0x080023f4       0x24 src\lib\STM32L4xx_HAL_Driver\Src\stm32l4xx_hal.o
                0x080023f4                HAL_IncTick
 .text.HAL_GetTick
                0x08002418       0x18 src\lib\STM32L4xx_HAL_Driver\Src\stm32l4xx_hal.o
                0x08002418                HAL_GetTick
 .text.__NVIC_SetPriorityGrouping
                0x08002430       0x48 src\lib\STM32L4xx_HAL_Driver\Src\stm32l4xx_hal_cortex.o
 .text.__NVIC_GetPriorityGrouping
                0x08002478       0x1c src\lib\STM32L4xx_HAL_Driver\Src\stm32l4xx_hal_cortex.o
 .text.__NVIC_SetPriority
                0x08002494       0x54 src\lib\STM32L4xx_HAL_Driver\Src\stm32l4xx_hal_cortex.o
 .text.NVIC_EncodePriority
                0x080024e8       0x62 src\lib\STM32L4xx_HAL_Driver\Src\stm32l4xx_hal_cortex.o
 *fill*         0x0800254a        0x2 
 .text.SysTick_Config
                0x0800254c       0x44 src\lib\STM32L4xx_HAL_Driver\Src\stm32l4xx_hal_cortex.o
 .text.HAL_NVIC_SetPriorityGrouping
                0x08002590       0x16 src\lib\STM32L4xx_HAL_Driver\Src\stm32l4xx_hal_cortex.o
                0x08002590                HAL_NVIC_SetPriorityGrouping
 .text.HAL_NVIC_SetPriority
                0x080025a6       0x38 src\lib\STM32L4xx_HAL_Driver\Src\stm32l4xx_hal_cortex.o
                0x080025a6                HAL_NVIC_SetPriority
 .text.HAL_SYSTICK_Config
                0x080025de       0x18 src\lib\STM32L4xx_HAL_Driver\Src\stm32l4xx_hal_cortex.o
                0x080025de                HAL_SYSTICK_Config
 *fill*         0x080025f6        0x2 
 .text.HAL_DMA_Init
                0x080025f8      0x170 src\lib\STM32L4xx_HAL_Driver\Src\stm32l4xx_hal_dma.o
                0x080025f8                HAL_DMA_Init
 .text.HAL_DMA_DeInit
                0x08002768      0x124 src\lib\STM32L4xx_HAL_Driver\Src\stm32l4xx_hal_dma.o
                0x08002768                HAL_DMA_DeInit
 .text.HAL_DMA_Start_IT
                0x0800288c       0xc0 src\lib\STM32L4xx_HAL_Driver\Src\stm32l4xx_hal_dma.o
                0x0800288c                HAL_DMA_Start_IT
 .text.HAL_DMA_PollForTransfer
                0x0800294c      0x14e src\lib\STM32L4xx_HAL_Driver\Src\stm32l4xx_hal_dma.o
                0x0800294c                HAL_DMA_PollForTransfer
 .text.DMA_SetConfig
                0x08002a9a       0x60 src\lib\STM32L4xx_HAL_Driver\Src\stm32l4xx_hal_dma.o
 *fill*         0x08002afa        0x2 
 .text.HAL_GPIO_Init
                0x08002afc      0x2d4 src\lib\STM32L4xx_HAL_Driver\Src\stm32l4xx_hal_gpio.o
                0x08002afc                HAL_GPIO_Init
 .text.HAL_GPIO_DeInit
                0x08002dd0      0x194 src\lib\STM32L4xx_HAL_Driver\Src\stm32l4xx_hal_gpio.o
                0x08002dd0                HAL_GPIO_DeInit
 .text.HAL_GPIO_WritePin
                0x08002f64       0x30 src\lib\STM32L4xx_HAL_Driver\Src\stm32l4xx_hal_gpio.o
                0x08002f64                HAL_GPIO_WritePin
 .text.HAL_GPIO_TogglePin
                0x08002f94       0x32 src\lib\STM32L4xx_HAL_Driver\Src\stm32l4xx_hal_gpio.o
                0x08002f94                HAL_GPIO_TogglePin
 *fill*         0x08002fc6        0x2 
 .text.HAL_PWR_EnableBkUpAccess
                0x08002fc8       0x20 src\lib\STM32L4xx_HAL_Driver\Src\stm32l4xx_hal_pwr.o
                0x08002fc8                HAL_PWR_EnableBkUpAccess
 .text.HAL_PWREx_GetVoltageRange
                0x08002fe8       0x1c src\lib\STM32L4xx_HAL_Driver\Src\stm32l4xx_hal_pwr_ex.o
                0x08002fe8                HAL_PWREx_GetVoltageRange
 .text.HAL_PWREx_ControlVoltageScaling
                0x08003004       0xac src\lib\STM32L4xx_HAL_Driver\Src\stm32l4xx_hal_pwr_ex.o
                0x08003004                HAL_PWREx_ControlVoltageScaling
 .text.HAL_RCC_OscConfig
                0x080030b0      0x7dc src\lib\STM32L4xx_HAL_Driver\Src\stm32l4xx_hal_rcc.o
                0x080030b0                HAL_RCC_OscConfig
 .text.HAL_RCC_ClockConfig
                0x0800388c      0x1c4 src\lib\STM32L4xx_HAL_Driver\Src\stm32l4xx_hal_rcc.o
                0x0800388c                HAL_RCC_ClockConfig
 .text.HAL_RCC_GetSysClockFreq
                0x08003a50      0x114 src\lib\STM32L4xx_HAL_Driver\Src\stm32l4xx_hal_rcc.o
                0x08003a50                HAL_RCC_GetSysClockFreq
 .text.HAL_RCC_GetHCLKFreq
                0x08003b64       0x18 src\lib\STM32L4xx_HAL_Driver\Src\stm32l4xx_hal_rcc.o
                0x08003b64                HAL_RCC_GetHCLKFreq
 .text.HAL_RCC_GetPCLK1Freq
                0x08003b7c       0x2c src\lib\STM32L4xx_HAL_Driver\Src\stm32l4xx_hal_rcc.o
                0x08003b7c                HAL_RCC_GetPCLK1Freq
 .text.HAL_RCC_GetPCLK2Freq
                0x08003ba8       0x2c src\lib\STM32L4xx_HAL_Driver\Src\stm32l4xx_hal_rcc.o
                0x08003ba8                HAL_RCC_GetPCLK2Freq
 .text.RCC_SetFlashLatencyFromMSIRange
                0x08003bd4       0xc0 src\lib\STM32L4xx_HAL_Driver\Src\stm32l4xx_hal_rcc.o
 .text.HAL_RCCEx_PeriphCLKConfig
                0x08003c94      0x3e4 src\lib\STM32L4xx_HAL_Driver\Src\stm32l4xx_hal_rcc_ex.o
                0x08003c94                HAL_RCCEx_PeriphCLKConfig
 .text.RCCEx_PLLSAI1_Config
                0x08004078      0x1e0 src\lib\STM32L4xx_HAL_Driver\Src\stm32l4xx_hal_rcc_ex.o
 .text.HAL_UART_Init
                0x08004258       0x9c src\lib\STM32L4xx_HAL_Driver\Src\stm32l4xx_hal_uart.o
                0x08004258                HAL_UART_Init
 .text.HAL_UART_DeInit
                0x080042f4       0x6a src\lib\STM32L4xx_HAL_Driver\Src\stm32l4xx_hal_uart.o
                0x080042f4                HAL_UART_DeInit
 .text.HAL_UART_Transmit
                0x0800435e      0x126 src\lib\STM32L4xx_HAL_Driver\Src\stm32l4xx_hal_uart.o
                0x0800435e                HAL_UART_Transmit
 .text.HAL_UART_Receive_IT
                0x08004484      0x144 src\lib\STM32L4xx_HAL_Driver\Src\stm32l4xx_hal_uart.o
                0x08004484                HAL_UART_Receive_IT
 .text.HAL_UART_Transmit_DMA
                0x080045c8       0xf8 src\lib\STM32L4xx_HAL_Driver\Src\stm32l4xx_hal_uart.o
                0x080045c8                HAL_UART_Transmit_DMA
 .text.HAL_UART_Receive_DMA
                0x080046c0      0x108 src\lib\STM32L4xx_HAL_Driver\Src\stm32l4xx_hal_uart.o
                0x080046c0                HAL_UART_Receive_DMA
 .text.HAL_UART_TxHalfCpltCallback
                0x080047c8       0x14 src\lib\STM32L4xx_HAL_Driver\Src\stm32l4xx_hal_uart.o
                0x080047c8                HAL_UART_TxHalfCpltCallback
 .text.HAL_UART_RxHalfCpltCallback
                0x080047dc       0x14 src\lib\STM32L4xx_HAL_Driver\Src\stm32l4xx_hal_uart.o
                0x080047dc                HAL_UART_RxHalfCpltCallback
 .text.UART_SetConfig
                0x080047f0      0x57c src\lib\STM32L4xx_HAL_Driver\Src\stm32l4xx_hal_uart.o
                0x080047f0                UART_SetConfig
 .text.UART_AdvFeatureConfig
                0x08004d6c      0x144 src\lib\STM32L4xx_HAL_Driver\Src\stm32l4xx_hal_uart.o
                0x08004d6c                UART_AdvFeatureConfig
 .text.UART_CheckIdleState
                0x08004eb0       0x8a src\lib\STM32L4xx_HAL_Driver\Src\stm32l4xx_hal_uart.o
                0x08004eb0                UART_CheckIdleState
 .text.UART_WaitOnFlagUntilTimeout
                0x08004f3a       0x90 src\lib\STM32L4xx_HAL_Driver\Src\stm32l4xx_hal_uart.o
                0x08004f3a                UART_WaitOnFlagUntilTimeout
 .text.UART_EndTxTransfer
                0x08004fca       0x2a src\lib\STM32L4xx_HAL_Driver\Src\stm32l4xx_hal_uart.o
 .text.UART_EndRxTransfer
                0x08004ff4       0x40 src\lib\STM32L4xx_HAL_Driver\Src\stm32l4xx_hal_uart.o
 .text.UART_DMATransmitCplt
                0x08005034       0x54 src\lib\STM32L4xx_HAL_Driver\Src\stm32l4xx_hal_uart.o
 .text.UART_DMATxHalfCplt
                0x08005088       0x1c src\lib\STM32L4xx_HAL_Driver\Src\stm32l4xx_hal_uart.o
 .text.UART_DMAReceiveCplt
                0x080050a4       0x68 src\lib\STM32L4xx_HAL_Driver\Src\stm32l4xx_hal_uart.o
 .text.UART_DMARxHalfCplt
                0x0800510c       0x1c src\lib\STM32L4xx_HAL_Driver\Src\stm32l4xx_hal_uart.o
 .text.UART_DMAError
                0x08005128       0x78 src\lib\STM32L4xx_HAL_Driver\Src\stm32l4xx_hal_uart.o
 .text.UART_RxISR_8BIT
                0x080051a0       0xaa src\lib\STM32L4xx_HAL_Driver\Src\stm32l4xx_hal_uart.o
 .text.UART_RxISR_16BIT
                0x0800524a       0xaa src\lib\STM32L4xx_HAL_Driver\Src\stm32l4xx_hal_uart.o
 .text.main     0x080052f4       0x16 src\main.o
                0x080052f4                main
 *fill*         0x0800530a        0x2 
 .text.__errno  0x0800530c        0xc c:/program files (x86)/atollic/truestudio for stm32 9.0.1/armtools/bin/../lib/gcc/arm-atollic-eabi/6.3.1/../../../../arm-atollic-eabi/lib/armv7e-m/fpu\libc_nano.a(lib_a-errno.o)
                0x0800530c                __errno
 .text.__libc_init_array
                0x08005318       0x48 c:/program files (x86)/atollic/truestudio for stm32 9.0.1/armtools/bin/../lib/gcc/arm-atollic-eabi/6.3.1/../../../../arm-atollic-eabi/lib/armv7e-m/fpu\libc_nano.a(lib_a-init.o)
                0x08005318                __libc_init_array
 .text.memset   0x08005360       0x10 c:/program files (x86)/atollic/truestudio for stm32 9.0.1/armtools/bin/../lib/gcc/arm-atollic-eabi/6.3.1/../../../../arm-atollic-eabi/lib/armv7e-m/fpu\libc_nano.a(lib_a-memset.o)
                0x08005360                memset
 .text.printf   0x08005370       0x30 c:/program files (x86)/atollic/truestudio for stm32 9.0.1/armtools/bin/../lib/gcc/arm-atollic-eabi/6.3.1/../../../../arm-atollic-eabi/lib/armv7e-m/fpu\libc_nano.a(lib_a-printf.o)
                0x08005370                iprintf
                0x08005370                printf
 .text._cleanup_r
                0x080053a0        0xc c:/program files (x86)/atollic/truestudio for stm32 9.0.1/armtools/bin/../lib/gcc/arm-atollic-eabi/6.3.1/../../../../arm-atollic-eabi/lib/armv7e-m/fpu\libc_nano.a(lib_a-findfp.o)
                0x080053a0                _cleanup_r
 .text.std.isra.0
                0x080053ac       0x48 c:/program files (x86)/atollic/truestudio for stm32 9.0.1/armtools/bin/../lib/gcc/arm-atollic-eabi/6.3.1/../../../../arm-atollic-eabi/lib/armv7e-m/fpu\libc_nano.a(lib_a-findfp.o)
 .text.__sfmoreglue
                0x080053f4       0x2c c:/program files (x86)/atollic/truestudio for stm32 9.0.1/armtools/bin/../lib/gcc/arm-atollic-eabi/6.3.1/../../../../arm-atollic-eabi/lib/armv7e-m/fpu\libc_nano.a(lib_a-findfp.o)
                0x080053f4                __sfmoreglue
 .text.__sinit  0x08005420       0x60 c:/program files (x86)/atollic/truestudio for stm32 9.0.1/armtools/bin/../lib/gcc/arm-atollic-eabi/6.3.1/../../../../arm-atollic-eabi/lib/armv7e-m/fpu\libc_nano.a(lib_a-findfp.o)
                0x08005420                __sinit
 .text.__sfp    0x08005480       0x78 c:/program files (x86)/atollic/truestudio for stm32 9.0.1/armtools/bin/../lib/gcc/arm-atollic-eabi/6.3.1/../../../../arm-atollic-eabi/lib/armv7e-m/fpu\libc_nano.a(lib_a-findfp.o)
                0x08005480                __sfp
 .text._fwalk_reent
                0x080054f8       0x3c c:/program files (x86)/atollic/truestudio for stm32 9.0.1/armtools/bin/../lib/gcc/arm-atollic-eabi/6.3.1/../../../../arm-atollic-eabi/lib/armv7e-m/fpu\libc_nano.a(lib_a-fwalk.o)
                0x080054f8                _fwalk_reent
 .text._malloc_r
                0x08005534       0xbc c:/program files (x86)/atollic/truestudio for stm32 9.0.1/armtools/bin/../lib/gcc/arm-atollic-eabi/6.3.1/../../../../arm-atollic-eabi/lib/armv7e-m/fpu\libc_nano.a(lib_a-nano-mallocr.o)
                0x08005534                _malloc_r
 .text.__sfputc_r
                0x080055f0       0x30 c:/program files (x86)/atollic/truestudio for stm32 9.0.1/armtools/bin/../lib/gcc/arm-atollic-eabi/6.3.1/../../../../arm-atollic-eabi/lib/armv7e-m/fpu\libc_nano.a(lib_a-nano-vfprintf.o)
 .text.__sfputs_r
                0x08005620       0x24 c:/program files (x86)/atollic/truestudio for stm32 9.0.1/armtools/bin/../lib/gcc/arm-atollic-eabi/6.3.1/../../../../arm-atollic-eabi/lib/armv7e-m/fpu\libc_nano.a(lib_a-nano-vfprintf.o)
                0x08005620                __sfputs_r
 .text._vfprintf_r
                0x08005644      0x22c c:/program files (x86)/atollic/truestudio for stm32 9.0.1/armtools/bin/../lib/gcc/arm-atollic-eabi/6.3.1/../../../../arm-atollic-eabi/lib/armv7e-m/fpu\libc_nano.a(lib_a-nano-vfprintf.o)
                0x08005644                _vfprintf_r
                0x08005644                _vfiprintf_r
 .text._printf_common
                0x08005870       0xec c:/program files (x86)/atollic/truestudio for stm32 9.0.1/armtools/bin/../lib/gcc/arm-atollic-eabi/6.3.1/../../../../arm-atollic-eabi/lib/armv7e-m/fpu\libc_nano.a(lib_a-nano-vfprintf_i.o)
                0x08005870                _printf_common
 .text._printf_i
                0x0800595c      0x240 c:/program files (x86)/atollic/truestudio for stm32 9.0.1/armtools/bin/../lib/gcc/arm-atollic-eabi/6.3.1/../../../../arm-atollic-eabi/lib/armv7e-m/fpu\libc_nano.a(lib_a-nano-vfprintf_i.o)
                0x0800595c                _printf_i
 .text._sbrk_r  0x08005b9c       0x20 c:/program files (x86)/atollic/truestudio for stm32 9.0.1/armtools/bin/../lib/gcc/arm-atollic-eabi/6.3.1/../../../../arm-atollic-eabi/lib/armv7e-m/fpu\libc_nano.a(lib_a-sbrkr.o)
                0x08005b9c                _sbrk_r
 .text.__sread  0x08005bbc       0x22 c:/program files (x86)/atollic/truestudio for stm32 9.0.1/armtools/bin/../lib/gcc/arm-atollic-eabi/6.3.1/../../../../arm-atollic-eabi/lib/armv7e-m/fpu\libc_nano.a(lib_a-stdio.o)
                0x08005bbc                __sread
 .text.__swrite
                0x08005bde       0x38 c:/program files (x86)/atollic/truestudio for stm32 9.0.1/armtools/bin/../lib/gcc/arm-atollic-eabi/6.3.1/../../../../arm-atollic-eabi/lib/armv7e-m/fpu\libc_nano.a(lib_a-stdio.o)
                0x08005bde                __swrite
 .text.__sseek  0x08005c16       0x24 c:/program files (x86)/atollic/truestudio for stm32 9.0.1/armtools/bin/../lib/gcc/arm-atollic-eabi/6.3.1/../../../../arm-atollic-eabi/lib/armv7e-m/fpu\libc_nano.a(lib_a-stdio.o)
                0x08005c16                __sseek
 .text.__sclose
                0x08005c3a        0x8 c:/program files (x86)/atollic/truestudio for stm32 9.0.1/armtools/bin/../lib/gcc/arm-atollic-eabi/6.3.1/../../../../arm-atollic-eabi/lib/armv7e-m/fpu\libc_nano.a(lib_a-stdio.o)
                0x08005c3a                __sclose
 *fill*         0x08005c42        0x2 
 .text.__swbuf_r
                0x08005c44       0xa4 c:/program files (x86)/atollic/truestudio for stm32 9.0.1/armtools/bin/../lib/gcc/arm-atollic-eabi/6.3.1/../../../../arm-atollic-eabi/lib/armv7e-m/fpu\libc_nano.a(lib_a-wbuf.o)
                0x08005c44                __swbuf_r
 .text._write_r
                0x08005ce8       0x24 c:/program files (x86)/atollic/truestudio for stm32 9.0.1/armtools/bin/../lib/gcc/arm-atollic-eabi/6.3.1/../../../../arm-atollic-eabi/lib/armv7e-m/fpu\libc_nano.a(lib_a-writer.o)
                0x08005ce8                _write_r
 .text.__swsetup_r
                0x08005d0c       0xdc c:/program files (x86)/atollic/truestudio for stm32 9.0.1/armtools/bin/../lib/gcc/arm-atollic-eabi/6.3.1/../../../../arm-atollic-eabi/lib/armv7e-m/fpu\libc_nano.a(lib_a-wsetup.o)
                0x08005d0c                __swsetup_r
 .text._close_r
                0x08005de8       0x20 c:/program files (x86)/atollic/truestudio for stm32 9.0.1/armtools/bin/../lib/gcc/arm-atollic-eabi/6.3.1/../../../../arm-atollic-eabi/lib/armv7e-m/fpu\libc_nano.a(lib_a-closer.o)
                0x08005de8                _close_r
 .text.__sflush_r
                0x08005e08      0x110 c:/program files (x86)/atollic/truestudio for stm32 9.0.1/armtools/bin/../lib/gcc/arm-atollic-eabi/6.3.1/../../../../arm-atollic-eabi/lib/armv7e-m/fpu\libc_nano.a(lib_a-fflush.o)
                0x08005e08                __sflush_r
 .text._fflush_r
                0x08005f18       0x54 c:/program files (x86)/atollic/truestudio for stm32 9.0.1/armtools/bin/../lib/gcc/arm-atollic-eabi/6.3.1/../../../../arm-atollic-eabi/lib/armv7e-m/fpu\libc_nano.a(lib_a-fflush.o)
                0x08005f18                _fflush_r
 .text._lseek_r
                0x08005f6c       0x24 c:/program files (x86)/atollic/truestudio for stm32 9.0.1/armtools/bin/../lib/gcc/arm-atollic-eabi/6.3.1/../../../../arm-atollic-eabi/lib/armv7e-m/fpu\libc_nano.a(lib_a-lseekr.o)
                0x08005f6c                _lseek_r
 .text.__swhatbuf_r
                0x08005f90       0x48 c:/program files (x86)/atollic/truestudio for stm32 9.0.1/armtools/bin/../lib/gcc/arm-atollic-eabi/6.3.1/../../../../arm-atollic-eabi/lib/armv7e-m/fpu\libc_nano.a(lib_a-makebuf.o)
                0x08005f90                __swhatbuf_r
 .text.__smakebuf_r
                0x08005fd8       0x80 c:/program files (x86)/atollic/truestudio for stm32 9.0.1/armtools/bin/../lib/gcc/arm-atollic-eabi/6.3.1/../../../../arm-atollic-eabi/lib/armv7e-m/fpu\libc_nano.a(lib_a-makebuf.o)
                0x08005fd8                __smakebuf_r
 .text.memcpy   0x08006058       0x16 c:/program files (x86)/atollic/truestudio for stm32 9.0.1/armtools/bin/../lib/gcc/arm-atollic-eabi/6.3.1/../../../../arm-atollic-eabi/lib/armv7e-m/fpu\libc_nano.a(lib_a-memcpy-stub.o)
                0x08006058                memcpy
 .text.__malloc_lock
                0x0800606e        0x2 c:/program files (x86)/atollic/truestudio for stm32 9.0.1/armtools/bin/../lib/gcc/arm-atollic-eabi/6.3.1/../../../../arm-atollic-eabi/lib/armv7e-m/fpu\libc_nano.a(lib_a-mlock.o)
                0x0800606e                __malloc_lock
 .text.__malloc_unlock
                0x08006070        0x2 c:/program files (x86)/atollic/truestudio for stm32 9.0.1/armtools/bin/../lib/gcc/arm-atollic-eabi/6.3.1/../../../../arm-atollic-eabi/lib/armv7e-m/fpu\libc_nano.a(lib_a-mlock.o)
                0x08006070                __malloc_unlock
 *fill*         0x08006072        0x2 
 .text._free_r  0x08006074       0x9c c:/program files (x86)/atollic/truestudio for stm32 9.0.1/armtools/bin/../lib/gcc/arm-atollic-eabi/6.3.1/../../../../arm-atollic-eabi/lib/armv7e-m/fpu\libc_nano.a(lib_a-nano-freer.o)
                0x08006074                _free_r
 .text._read_r  0x08006110       0x24 c:/program files (x86)/atollic/truestudio for stm32 9.0.1/armtools/bin/../lib/gcc/arm-atollic-eabi/6.3.1/../../../../arm-atollic-eabi/lib/armv7e-m/fpu\libc_nano.a(lib_a-readr.o)
                0x08006110                _read_r
 .text._fstat_r
                0x08006134       0x24 c:/program files (x86)/atollic/truestudio for stm32 9.0.1/armtools/bin/../lib/gcc/arm-atollic-eabi/6.3.1/../../../../arm-atollic-eabi/lib/armv7e-m/fpu\libc_nano.a(lib_a-fstatr.o)
                0x08006134                _fstat_r
 .text._isatty_r
                0x08006158       0x20 c:/program files (x86)/atollic/truestudio for stm32 9.0.1/armtools/bin/../lib/gcc/arm-atollic-eabi/6.3.1/../../../../arm-atollic-eabi/lib/armv7e-m/fpu\libc_nano.a(lib_a-isattyr.o)
                0x08006158                _isatty_r
 .text.abort    0x08006178        0xe c:/program files (x86)/atollic/truestudio for stm32 9.0.1/armtools/bin/../lib/gcc/arm-atollic-eabi/6.3.1/../../../../arm-atollic-eabi/lib/armv7e-m/fpu\libc_nano.a(lib_a-abort.o)
                0x08006178                abort
 .text._raise_r
                0x08006186       0x50 c:/program files (x86)/atollic/truestudio for stm32 9.0.1/armtools/bin/../lib/gcc/arm-atollic-eabi/6.3.1/../../../../arm-atollic-eabi/lib/armv7e-m/fpu\libc_nano.a(lib_a-signal.o)
                0x08006186                _raise_r
 *fill*         0x080061d6        0x2 
 .text.raise    0x080061d8       0x10 c:/program files (x86)/atollic/truestudio for stm32 9.0.1/armtools/bin/../lib/gcc/arm-atollic-eabi/6.3.1/../../../../arm-atollic-eabi/lib/armv7e-m/fpu\libc_nano.a(lib_a-signal.o)
                0x080061d8                raise
 .text._kill_r  0x080061e8       0x24 c:/program files (x86)/atollic/truestudio for stm32 9.0.1/armtools/bin/../lib/gcc/arm-atollic-eabi/6.3.1/../../../../arm-atollic-eabi/lib/armv7e-m/fpu\libc_nano.a(lib_a-signalr.o)
                0x080061e8                _kill_r
 .text._getpid_r
                0x0800620c        0x4 c:/program files (x86)/atollic/truestudio for stm32 9.0.1/armtools/bin/../lib/gcc/arm-atollic-eabi/6.3.1/../../../../arm-atollic-eabi/lib/armv7e-m/fpu\libc_nano.a(lib_a-signalr.o)
                0x0800620c                _getpid_r
 *(.glue_7)
 .glue_7        0x08006210        0x0 linker stubs
 *(.glue_7t)
 .glue_7t       0x08006210        0x0 linker stubs
 *(.eh_frame)
 .eh_frame      0x08006210        0x0 c:/program files (x86)/atollic/truestudio for stm32 9.0.1/armtools/bin/../lib/gcc/arm-atollic-eabi/6.3.1/armv7e-m/fpu/crtbegin.o
 *(.init)
 .init          0x08006210        0x4 c:/program files (x86)/atollic/truestudio for stm32 9.0.1/armtools/bin/../lib/gcc/arm-atollic-eabi/6.3.1/armv7e-m/fpu/crti.o
                0x08006210                _init
 .init          0x08006214        0x8 c:/program files (x86)/atollic/truestudio for stm32 9.0.1/armtools/bin/../lib/gcc/arm-atollic-eabi/6.3.1/armv7e-m/fpu/crtn.o
 *(.fini)
 .fini          0x0800621c        0x4 c:/program files (x86)/atollic/truestudio for stm32 9.0.1/armtools/bin/../lib/gcc/arm-atollic-eabi/6.3.1/armv7e-m/fpu/crti.o
                0x0800621c                _fini
 .fini          0x08006220        0x8 c:/program files (x86)/atollic/truestudio for stm32 9.0.1/armtools/bin/../lib/gcc/arm-atollic-eabi/6.3.1/armv7e-m/fpu/crtn.o
                0x08006228                . = ALIGN (0x4)
                0x08006228                _etext = .

.vfp11_veneer   0x08006228        0x0
 .vfp11_veneer  0x08006228        0x0 linker stubs

.v4_bx          0x08006228        0x0
 .v4_bx         0x08006228        0x0 linker stubs

.iplt           0x08006228        0x0
 .iplt          0x08006228        0x0 c:/program files (x86)/atollic/truestudio for stm32 9.0.1/armtools/bin/../lib/gcc/arm-atollic-eabi/6.3.1/armv7e-m/fpu/crtbegin.o

.rodata         0x08006228      0x110
                0x08006228                . = ALIGN (0x4)
 *(.rodata)
 .rodata        0x08006228        0xb src\ap\ap.o
 *fill*         0x08006233        0x1 
 .rodata        0x08006234       0x1b src\bsp\syscalls.o
 *(.rodata*)
 *fill*         0x0800624f        0x1 
 .rodata.AHBPrescTable
                0x08006250       0x10 src\bsp\cmsis\system_stm32l4xx.o
                0x08006250                AHBPrescTable
 .rodata.APBPrescTable
                0x08006260        0x8 src\bsp\cmsis\system_stm32l4xx.o
                0x08006260                APBPrescTable
 .rodata.MSIRangeTable
                0x08006268       0x30 src\bsp\cmsis\system_stm32l4xx.o
                0x08006268                MSIRangeTable
 .rodata.led_tbl
                0x08006298        0x8 src\hw\driver\led.o
                0x08006298                led_tbl
 .rodata._global_impure_ptr
                0x080062a0        0x4 c:/program files (x86)/atollic/truestudio for stm32 9.0.1/armtools/bin/../lib/gcc/arm-atollic-eabi/6.3.1/../../../../arm-atollic-eabi/lib/armv7e-m/fpu\libc_nano.a(lib_a-impure.o)
                0x080062a0                _global_impure_ptr
 .rodata.__sf_fake_stderr
                0x080062a4       0x20 c:/program files (x86)/atollic/truestudio for stm32 9.0.1/armtools/bin/../lib/gcc/arm-atollic-eabi/6.3.1/../../../../arm-atollic-eabi/lib/armv7e-m/fpu\libc_nano.a(lib_a-findfp.o)
                0x080062a4                __sf_fake_stderr
 .rodata.__sf_fake_stdin
                0x080062c4       0x20 c:/program files (x86)/atollic/truestudio for stm32 9.0.1/armtools/bin/../lib/gcc/arm-atollic-eabi/6.3.1/../../../../arm-atollic-eabi/lib/armv7e-m/fpu\libc_nano.a(lib_a-findfp.o)
                0x080062c4                __sf_fake_stdin
 .rodata.__sf_fake_stdout
                0x080062e4       0x20 c:/program files (x86)/atollic/truestudio for stm32 9.0.1/armtools/bin/../lib/gcc/arm-atollic-eabi/6.3.1/../../../../arm-atollic-eabi/lib/armv7e-m/fpu\libc_nano.a(lib_a-findfp.o)
                0x080062e4                __sf_fake_stdout
 .rodata._vfprintf_r.str1.1
                0x08006304       0x11 c:/program files (x86)/atollic/truestudio for stm32 9.0.1/armtools/bin/../lib/gcc/arm-atollic-eabi/6.3.1/../../../../arm-atollic-eabi/lib/armv7e-m/fpu\libc_nano.a(lib_a-nano-vfprintf.o)
 .rodata._printf_i.str1.1
                0x08006315       0x22 c:/program files (x86)/atollic/truestudio for stm32 9.0.1/armtools/bin/../lib/gcc/arm-atollic-eabi/6.3.1/../../../../arm-atollic-eabi/lib/armv7e-m/fpu\libc_nano.a(lib_a-nano-vfprintf_i.o)
                0x08006338                . = ALIGN (0x4)
 *fill*         0x08006337        0x1 

.ARM.extab      0x08006338       0x24
 *(.ARM.extab* .gnu.linkonce.armextab.*)
 .ARM.extab.text._Z6apMainv
                0x08006338        0xc src\ap\ap.o
 .ARM.extab     0x08006344       0x18 c:/program files (x86)/atollic/truestudio for stm32 9.0.1/armtools/bin/../lib/gcc/arm-atollic-eabi/6.3.1/armv7e-m/fpu\libgcc.a(pr-support.o)

.ARM            0x0800635c       0xe0
                0x0800635c                __exidx_start = .
 *(.ARM.exidx*)
 .ARM.exidx.text._Z6apInitv
                0x08006414        0x8 src\ap\ap.o
 .ARM.exidx.text._Z6apMainv
                0x0800641c       0x10 src\ap\ap.o
                                  0x8 (size before relaxing)
 .ARM.exidx.text.main
                0x0800642c       0x10 src\main.o
                                  0x8 (size before relaxing)
 .ARM.exidx     0x0800635c        0x8 c:/program files (x86)/atollic/truestudio for stm32 9.0.1/armtools/bin/../lib/gcc/arm-atollic-eabi/6.3.1/armv7e-m/fpu\libgcc.a(_udivmoddi4.o)
 .ARM.exidx     0x08006364       0x78 c:/program files (x86)/atollic/truestudio for stm32 9.0.1/armtools/bin/../lib/gcc/arm-atollic-eabi/6.3.1/armv7e-m/fpu\libgcc.a(unwind-arm.o)
                                 0xd8 (size before relaxing)
 .ARM.exidx     0x080063dc       0x38 c:/program files (x86)/atollic/truestudio for stm32 9.0.1/armtools/bin/../lib/gcc/arm-atollic-eabi/6.3.1/armv7e-m/fpu\libgcc.a(pr-support.o)
                                 0x48 (size before relaxing)
                0x0800643c                __exidx_end = .

.rel.dyn        0x0800643c        0x0
 .rel.iplt      0x0800643c        0x0 c:/program files (x86)/atollic/truestudio for stm32 9.0.1/armtools/bin/../lib/gcc/arm-atollic-eabi/6.3.1/armv7e-m/fpu/crtbegin.o

.preinit_array  0x0800643c        0x0
                0x0800643c                PROVIDE (__preinit_array_start, .)
 *(.preinit_array*)
                0x0800643c                PROVIDE (__preinit_array_end, .)

.init_array     0x0800643c        0x4
                0x0800643c                PROVIDE (__init_array_start, .)
 *(SORT(.init_array.*))
 *(.init_array*)
 .init_array    0x0800643c        0x4 c:/program files (x86)/atollic/truestudio for stm32 9.0.1/armtools/bin/../lib/gcc/arm-atollic-eabi/6.3.1/armv7e-m/fpu/crtbegin.o
                0x08006440                PROVIDE (__init_array_end, .)

.fini_array     0x08006440        0x4
                [!provide]                PROVIDE (__fini_array_start, .)
 *(SORT(.fini_array.*))
 *(.fini_array*)
 .fini_array    0x08006440        0x4 c:/program files (x86)/atollic/truestudio for stm32 9.0.1/armtools/bin/../lib/gcc/arm-atollic-eabi/6.3.1/armv7e-m/fpu/crtbegin.o
                [!provide]                PROVIDE (__fini_array_end, .)
                0x08006444                _sidata = LOADADDR (.data)

.data           0x20000000       0x70 load address 0x08006444
                0x20000000                . = ALIGN (0x4)
                0x20000000                _sdata = .
 *(.data)
 *(.data*)
 .data.SystemCoreClock
                0x20000000        0x4 src\bsp\cmsis\system_stm32l4xx.o
                0x20000000                SystemCoreClock
 .data.uwTickPrio
                0x20000004        0x4 src\lib\STM32L4xx_HAL_Driver\Src\stm32l4xx_hal.o
                0x20000004                uwTickPrio
 .data.uwTickFreq
                0x20000008        0x4 src\lib\STM32L4xx_HAL_Driver\Src\stm32l4xx_hal.o
                0x20000008                uwTickFreq
 .data._impure_ptr
                0x2000000c        0x4 c:/program files (x86)/atollic/truestudio for stm32 9.0.1/armtools/bin/../lib/gcc/arm-atollic-eabi/6.3.1/../../../../arm-atollic-eabi/lib/armv7e-m/fpu\libc_nano.a(lib_a-impure.o)
                0x2000000c                _impure_ptr
 .data.impure_data
                0x20000010       0x60 c:/program files (x86)/atollic/truestudio for stm32 9.0.1/armtools/bin/../lib/gcc/arm-atollic-eabi/6.3.1/../../../../arm-atollic-eabi/lib/armv7e-m/fpu\libc_nano.a(lib_a-impure.o)
                0x20000070                . = ALIGN (0x4)
                0x20000070                _edata = .
                0x080064b4                _siram2 = LOADADDR (.ram2)

.igot.plt       0x20000070        0x0 load address 0x080064b4
 .igot.plt      0x20000070        0x0 c:/program files (x86)/atollic/truestudio for stm32 9.0.1/armtools/bin/../lib/gcc/arm-atollic-eabi/6.3.1/armv7e-m/fpu/crtbegin.o

.ram2           0x10000000        0x0 load address 0x080064b4
                0x10000000                . = ALIGN (0x4)
                0x10000000                _sram2 = .
 *(.ram2)
 *(.ram2*)
                0x10000000                . = ALIGN (0x4)
                0x10000000                _eram2 = .
                0x10000000                . = ALIGN (0x4)

.bss            0x20000070      0x930
                0x20000070                _sbss = .
                0x20000070                __bss_start__ = _sbss
 *(.bss)
 .bss           0x20000070       0x1c c:/program files (x86)/atollic/truestudio for stm32 9.0.1/armtools/bin/../lib/gcc/arm-atollic-eabi/6.3.1/armv7e-m/fpu/crtbegin.o
 *(.bss*)
 .bss.heap_end.14204
                0x2000008c        0x4 src\bsp\syscalls.o
 .bss.is_init   0x20000090        0x1 src\hw\driver\led.o
 *fill*         0x20000091        0x3 
 .bss.uart_tbl  0x20000094      0x834 src\hw\driver\uart.o
 .bss.__malloc_free_list
                0x200008c8        0x4 c:/program files (x86)/atollic/truestudio for stm32 9.0.1/armtools/bin/../lib/gcc/arm-atollic-eabi/6.3.1/../../../../arm-atollic-eabi/lib/armv7e-m/fpu\libc_nano.a(lib_a-nano-mallocr.o)
                0x200008c8                __malloc_free_list
 .bss.__malloc_sbrk_start
                0x200008cc        0x4 c:/program files (x86)/atollic/truestudio for stm32 9.0.1/armtools/bin/../lib/gcc/arm-atollic-eabi/6.3.1/../../../../arm-atollic-eabi/lib/armv7e-m/fpu\libc_nano.a(lib_a-nano-mallocr.o)
                0x200008cc                __malloc_sbrk_start
 *(COMMON)
 COMMON         0x200008d0       0xc8 src\hw\driver\uart.o
                0x200008d0                hdma_usart2_rx
                0x20000918                huart2
 COMMON         0x20000998        0x4 src\lib\STM32L4xx_HAL_Driver\Src\stm32l4xx_hal.o
                0x20000998                uwTick
 COMMON         0x2000099c        0x4 c:/program files (x86)/atollic/truestudio for stm32 9.0.1/armtools/bin/../lib/gcc/arm-atollic-eabi/6.3.1/../../../../arm-atollic-eabi/lib/armv7e-m/fpu\libc_nano.a(lib_a-reent.o)
                0x2000099c                errno
                0x200009a0                . = ALIGN (0x4)
                0x200009a0                _ebss = .
                0x200009a0                __bss_end__ = _ebss

._user_heap_stack
                0x200009a0      0x200
                0x200009a0                . = ALIGN (0x4)
                0x200009a0                PROVIDE (end, .)
                [!provide]                PROVIDE (_end, .)
                0x200009a0                . = (. + _Min_Heap_Size)
                0x20000ba0                . = (. + _Min_Stack_Size)
 *fill*         0x200009a0      0x200 
                0x20000ba0                . = ALIGN (0x4)

.memory_b1_text
 *(.mb1text)
 *(.mb1text*)
 *(.mb1rodata)
 *(.mb1rodata*)

/DISCARD/
 libc.a(*)
 libm.a(*)
 libgcc.a(*)

.ARM.attributes
                0x00000000       0x30
 *(.ARM.attributes)
 .ARM.attributes
                0x00000000       0x22 c:/program files (x86)/atollic/truestudio for stm32 9.0.1/armtools/bin/../lib/gcc/arm-atollic-eabi/6.3.1/armv7e-m/fpu/crti.o
 .ARM.attributes
                0x00000022       0x34 c:/program files (x86)/atollic/truestudio for stm32 9.0.1/armtools/bin/../lib/gcc/arm-atollic-eabi/6.3.1/armv7e-m/fpu/crtbegin.o
 .ARM.attributes
                0x00000056       0x39 src\ap\ap.o
 .ARM.attributes
                0x0000008f       0x39 src\bsp\bsp.o
 .ARM.attributes
                0x000000c8       0x39 src\bsp\cmsis\system_stm32l4xx.o
 .ARM.attributes
                0x00000101       0x21 src\bsp\startup\startup_stm32l432xx.o
 .ARM.attributes
                0x00000122       0x39 src\bsp\stm32l4xx_it.o
 .ARM.attributes
                0x0000015b       0x39 src\bsp\syscalls.o
 .ARM.attributes
                0x00000194       0x39 src\common\core\qbuffer.o
 .ARM.attributes
                0x000001cd       0x39 src\hw\core\delay.o
 .ARM.attributes
                0x00000206       0x39 src\hw\core\millis.o
 .ARM.attributes
                0x0000023f       0x39 src\hw\driver\led.o
 .ARM.attributes
                0x00000278       0x39 src\hw\driver\uart.o
 .ARM.attributes
                0x000002b1       0x39 src\hw\hw.o
 .ARM.attributes
                0x000002ea       0x39 src\lib\STM32L4xx_HAL_Driver\Src\stm32l4xx_hal.o
 .ARM.attributes
                0x00000323       0x39 src\lib\STM32L4xx_HAL_Driver\Src\stm32l4xx_hal_cortex.o
 .ARM.attributes
                0x0000035c       0x39 src\lib\STM32L4xx_HAL_Driver\Src\stm32l4xx_hal_dma.o
 .ARM.attributes
                0x00000395       0x39 src\lib\STM32L4xx_HAL_Driver\Src\stm32l4xx_hal_gpio.o
 .ARM.attributes
                0x000003ce       0x39 src\lib\STM32L4xx_HAL_Driver\Src\stm32l4xx_hal_pwr.o
 .ARM.attributes
                0x00000407       0x39 src\lib\STM32L4xx_HAL_Driver\Src\stm32l4xx_hal_pwr_ex.o
 .ARM.attributes
                0x00000440       0x39 src\lib\STM32L4xx_HAL_Driver\Src\stm32l4xx_hal_rcc.o
 .ARM.attributes
                0x00000479       0x39 src\lib\STM32L4xx_HAL_Driver\Src\stm32l4xx_hal_rcc_ex.o
 .ARM.attributes
                0x000004b2       0x39 src\lib\STM32L4xx_HAL_Driver\Src\stm32l4xx_hal_uart.o
 .ARM.attributes
                0x000004eb       0x39 src\main.o
 .ARM.attributes
                0x00000524       0x34 c:/program files (x86)/atollic/truestudio for stm32 9.0.1/armtools/bin/../lib/gcc/arm-atollic-eabi/6.3.1/../../../../arm-atollic-eabi/lib/armv7e-m/fpu\libc_nano.a(lib_a-errno.o)
 .ARM.attributes
                0x00000558       0x34 c:/program files (x86)/atollic/truestudio for stm32 9.0.1/armtools/bin/../lib/gcc/arm-atollic-eabi/6.3.1/../../../../arm-atollic-eabi/lib/armv7e-m/fpu\libc_nano.a(lib_a-impure.o)
 .ARM.attributes
                0x0000058c       0x34 c:/program files (x86)/atollic/truestudio for stm32 9.0.1/armtools/bin/../lib/gcc/arm-atollic-eabi/6.3.1/../../../../arm-atollic-eabi/lib/armv7e-m/fpu\libc_nano.a(lib_a-init.o)
 .ARM.attributes
                0x000005c0       0x34 c:/program files (x86)/atollic/truestudio for stm32 9.0.1/armtools/bin/../lib/gcc/arm-atollic-eabi/6.3.1/../../../../arm-atollic-eabi/lib/armv7e-m/fpu\libc_nano.a(lib_a-memset.o)
 .ARM.attributes
                0x000005f4       0x34 c:/program files (x86)/atollic/truestudio for stm32 9.0.1/armtools/bin/../lib/gcc/arm-atollic-eabi/6.3.1/../../../../arm-atollic-eabi/lib/armv7e-m/fpu\libc_nano.a(lib_a-printf.o)
 .ARM.attributes
                0x00000628       0x34 c:/program files (x86)/atollic/truestudio for stm32 9.0.1/armtools/bin/../lib/gcc/arm-atollic-eabi/6.3.1/../../../../arm-atollic-eabi/lib/armv7e-m/fpu\libc_nano.a(lib_a-findfp.o)
 .ARM.attributes
                0x0000065c       0x34 c:/program files (x86)/atollic/truestudio for stm32 9.0.1/armtools/bin/../lib/gcc/arm-atollic-eabi/6.3.1/../../../../arm-atollic-eabi/lib/armv7e-m/fpu\libc_nano.a(lib_a-fwalk.o)
 .ARM.attributes
                0x00000690       0x34 c:/program files (x86)/atollic/truestudio for stm32 9.0.1/armtools/bin/../lib/gcc/arm-atollic-eabi/6.3.1/../../../../arm-atollic-eabi/lib/armv7e-m/fpu\libc_nano.a(lib_a-nano-mallocr.o)
 .ARM.attributes
                0x000006c4       0x34 c:/program files (x86)/atollic/truestudio for stm32 9.0.1/armtools/bin/../lib/gcc/arm-atollic-eabi/6.3.1/../../../../arm-atollic-eabi/lib/armv7e-m/fpu\libc_nano.a(lib_a-nano-vfprintf.o)
 .ARM.attributes
                0x000006f8       0x34 c:/program files (x86)/atollic/truestudio for stm32 9.0.1/armtools/bin/../lib/gcc/arm-atollic-eabi/6.3.1/../../../../arm-atollic-eabi/lib/armv7e-m/fpu\libc_nano.a(lib_a-nano-vfprintf_i.o)
 .ARM.attributes
                0x0000072c       0x34 c:/program files (x86)/atollic/truestudio for stm32 9.0.1/armtools/bin/../lib/gcc/arm-atollic-eabi/6.3.1/../../../../arm-atollic-eabi/lib/armv7e-m/fpu\libc_nano.a(lib_a-sbrkr.o)
 .ARM.attributes
                0x00000760       0x34 c:/program files (x86)/atollic/truestudio for stm32 9.0.1/armtools/bin/../lib/gcc/arm-atollic-eabi/6.3.1/../../../../arm-atollic-eabi/lib/armv7e-m/fpu\libc_nano.a(lib_a-stdio.o)
 .ARM.attributes
                0x00000794       0x34 c:/program files (x86)/atollic/truestudio for stm32 9.0.1/armtools/bin/../lib/gcc/arm-atollic-eabi/6.3.1/../../../../arm-atollic-eabi/lib/armv7e-m/fpu\libc_nano.a(lib_a-wbuf.o)
 .ARM.attributes
                0x000007c8       0x34 c:/program files (x86)/atollic/truestudio for stm32 9.0.1/armtools/bin/../lib/gcc/arm-atollic-eabi/6.3.1/../../../../arm-atollic-eabi/lib/armv7e-m/fpu\libc_nano.a(lib_a-writer.o)
 .ARM.attributes
                0x000007fc       0x34 c:/program files (x86)/atollic/truestudio for stm32 9.0.1/armtools/bin/../lib/gcc/arm-atollic-eabi/6.3.1/../../../../arm-atollic-eabi/lib/armv7e-m/fpu\libc_nano.a(lib_a-wsetup.o)
 .ARM.attributes
                0x00000830       0x34 c:/program files (x86)/atollic/truestudio for stm32 9.0.1/armtools/bin/../lib/gcc/arm-atollic-eabi/6.3.1/../../../../arm-atollic-eabi/lib/armv7e-m/fpu\libc_nano.a(lib_a-closer.o)
 .ARM.attributes
                0x00000864       0x34 c:/program files (x86)/atollic/truestudio for stm32 9.0.1/armtools/bin/../lib/gcc/arm-atollic-eabi/6.3.1/../../../../arm-atollic-eabi/lib/armv7e-m/fpu\libc_nano.a(lib_a-fflush.o)
 .ARM.attributes
                0x00000898       0x34 c:/program files (x86)/atollic/truestudio for stm32 9.0.1/armtools/bin/../lib/gcc/arm-atollic-eabi/6.3.1/../../../../arm-atollic-eabi/lib/armv7e-m/fpu\libc_nano.a(lib_a-lseekr.o)
 .ARM.attributes
                0x000008cc       0x34 c:/program files (x86)/atollic/truestudio for stm32 9.0.1/armtools/bin/../lib/gcc/arm-atollic-eabi/6.3.1/../../../../arm-atollic-eabi/lib/armv7e-m/fpu\libc_nano.a(lib_a-makebuf.o)
 .ARM.attributes
                0x00000900       0x20 c:/program files (x86)/atollic/truestudio for stm32 9.0.1/armtools/bin/../lib/gcc/arm-atollic-eabi/6.3.1/../../../../arm-atollic-eabi/lib/armv7e-m/fpu\libc_nano.a(lib_a-memchr.o)
 .ARM.attributes
                0x00000920       0x34 c:/program files (x86)/atollic/truestudio for stm32 9.0.1/armtools/bin/../lib/gcc/arm-atollic-eabi/6.3.1/../../../../arm-atollic-eabi/lib/armv7e-m/fpu\libc_nano.a(lib_a-mlock.o)
 .ARM.attributes
                0x00000954       0x34 c:/program files (x86)/atollic/truestudio for stm32 9.0.1/armtools/bin/../lib/gcc/arm-atollic-eabi/6.3.1/../../../../arm-atollic-eabi/lib/armv7e-m/fpu\libc_nano.a(lib_a-nano-freer.o)
 .ARM.attributes
                0x00000988       0x34 c:/program files (x86)/atollic/truestudio for stm32 9.0.1/armtools/bin/../lib/gcc/arm-atollic-eabi/6.3.1/../../../../arm-atollic-eabi/lib/armv7e-m/fpu\libc_nano.a(lib_a-readr.o)
 .ARM.attributes
                0x000009bc       0x34 c:/program files (x86)/atollic/truestudio for stm32 9.0.1/armtools/bin/../lib/gcc/arm-atollic-eabi/6.3.1/../../../../arm-atollic-eabi/lib/armv7e-m/fpu\libc_nano.a(lib_a-reent.o)
 .ARM.attributes
                0x000009f0       0x34 c:/program files (x86)/atollic/truestudio for stm32 9.0.1/armtools/bin/../lib/gcc/arm-atollic-eabi/6.3.1/../../../../arm-atollic-eabi/lib/armv7e-m/fpu\libc_nano.a(lib_a-fstatr.o)
 .ARM.attributes
                0x00000a24       0x34 c:/program files (x86)/atollic/truestudio for stm32 9.0.1/armtools/bin/../lib/gcc/arm-atollic-eabi/6.3.1/../../../../arm-atollic-eabi/lib/armv7e-m/fpu\libc_nano.a(lib_a-isattyr.o)
 .ARM.attributes
                0x00000a58       0x22 c:/program files (x86)/atollic/truestudio for stm32 9.0.1/armtools/bin/../lib/gcc/arm-atollic-eabi/6.3.1/armv7e-m/fpu\libgcc.a(_aeabi_uldivmod.o)
 .ARM.attributes
                0x00000a7a       0x34 c:/program files (x86)/atollic/truestudio for stm32 9.0.1/armtools/bin/../lib/gcc/arm-atollic-eabi/6.3.1/armv7e-m/fpu\libgcc.a(_udivmoddi4.o)
 .ARM.attributes
                0x00000aae       0x22 c:/program files (x86)/atollic/truestudio for stm32 9.0.1/armtools/bin/../lib/gcc/arm-atollic-eabi/6.3.1/armv7e-m/fpu\libgcc.a(_dvmd_tls.o)
 .ARM.attributes
                0x00000ad0       0x22 c:/program files (x86)/atollic/truestudio for stm32 9.0.1/armtools/bin/../lib/gcc/arm-atollic-eabi/6.3.1/armv7e-m/fpu/crtn.o
OUTPUT(stm32l432_fw.elf elf32-littlearm)

.debug_info     0x00000000    0x11ce6
 .debug_info    0x00000000      0xfca src\ap\ap.o
 .debug_info    0x00000fca     0x1073 src\bsp\bsp.o
 .debug_info    0x0000203d      0x5c3 src\bsp\cmsis\system_stm32l4xx.o
 .debug_info    0x00002600       0x7e src\bsp\startup\startup_stm32l432xx.o
 .debug_info    0x0000267e      0xb94 src\bsp\stm32l4xx_it.o
 .debug_info    0x00003212     0x122d src\bsp\syscalls.o
 .debug_info    0x0000443f      0xb2a src\common\core\qbuffer.o
 .debug_info    0x00004f69      0xb96 src\hw\core\delay.o
 .debug_info    0x00005aff      0xb2c src\hw\core\millis.o
 .debug_info    0x0000662b      0xd6d src\hw\driver\led.o
 .debug_info    0x00007398     0x1a38 src\hw\driver\uart.o
 .debug_info    0x00008dd0      0xb0c src\hw\hw.o
 .debug_info    0x000098dc      0xa8f src\lib\STM32L4xx_HAL_Driver\Src\stm32l4xx_hal.o
 .debug_info    0x0000a36b      0xebc src\lib\STM32L4xx_HAL_Driver\Src\stm32l4xx_hal_cortex.o
 .debug_info    0x0000b227      0x8bd src\lib\STM32L4xx_HAL_Driver\Src\stm32l4xx_hal_dma.o
 .debug_info    0x0000bae4      0x980 src\lib\STM32L4xx_HAL_Driver\Src\stm32l4xx_hal_gpio.o
 .debug_info    0x0000c464      0xa6b src\lib\STM32L4xx_HAL_Driver\Src\stm32l4xx_hal_pwr.o
 .debug_info    0x0000cecf      0xa7f src\lib\STM32L4xx_HAL_Driver\Src\stm32l4xx_hal_pwr_ex.o
 .debug_info    0x0000d94e      0xcab src\lib\STM32L4xx_HAL_Driver\Src\stm32l4xx_hal_rcc.o
 .debug_info    0x0000e5f9      0xfcc src\lib\STM32L4xx_HAL_Driver\Src\stm32l4xx_hal_rcc_ex.o
 .debug_info    0x0000f5c5     0x177f src\lib\STM32L4xx_HAL_Driver\Src\stm32l4xx_hal_uart.o
 .debug_info    0x00010d44      0xfa2 src\main.o

.debug_abbrev   0x00000000     0x2bdb
 .debug_abbrev  0x00000000      0x286 src\ap\ap.o
 .debug_abbrev  0x00000286      0x23c src\bsp\bsp.o
 .debug_abbrev  0x000004c2      0x12f src\bsp\cmsis\system_stm32l4xx.o
 .debug_abbrev  0x000005f1       0x12 src\bsp\startup\startup_stm32l432xx.o
 .debug_abbrev  0x00000603      0x1c7 src\bsp\stm32l4xx_it.o
 .debug_abbrev  0x000007ca      0x2a4 src\bsp\syscalls.o
 .debug_abbrev  0x00000a6e      0x1fc src\common\core\qbuffer.o
 .debug_abbrev  0x00000c6a      0x20c src\hw\core\delay.o
 .debug_abbrev  0x00000e76      0x1cb src\hw\core\millis.o
 .debug_abbrev  0x00001041      0x230 src\hw\driver\led.o
 .debug_abbrev  0x00001271      0x33f src\hw\driver\uart.o
 .debug_abbrev  0x000015b0      0x1af src\hw\hw.o
 .debug_abbrev  0x0000175f      0x1dc src\lib\STM32L4xx_HAL_Driver\Src\stm32l4xx_hal.o
 .debug_abbrev  0x0000193b      0x2f5 src\lib\STM32L4xx_HAL_Driver\Src\stm32l4xx_hal_cortex.o
 .debug_abbrev  0x00001c30      0x1d4 src\lib\STM32L4xx_HAL_Driver\Src\stm32l4xx_hal_dma.o
 .debug_abbrev  0x00001e04      0x1bb src\lib\STM32L4xx_HAL_Driver\Src\stm32l4xx_hal_gpio.o
 .debug_abbrev  0x00001fbf      0x186 src\lib\STM32L4xx_HAL_Driver\Src\stm32l4xx_hal_pwr.o
 .debug_abbrev  0x00002145      0x1c6 src\lib\STM32L4xx_HAL_Driver\Src\stm32l4xx_hal_pwr_ex.o
 .debug_abbrev  0x0000230b      0x240 src\lib\STM32L4xx_HAL_Driver\Src\stm32l4xx_hal_rcc.o
 .debug_abbrev  0x0000254b      0x233 src\lib\STM32L4xx_HAL_Driver\Src\stm32l4xx_hal_rcc_ex.o
 .debug_abbrev  0x0000277e      0x200 src\lib\STM32L4xx_HAL_Driver\Src\stm32l4xx_hal_uart.o
 .debug_abbrev  0x0000297e      0x25d src\main.o

.debug_aranges  0x00000000      0xbe0
 .debug_aranges
                0x00000000       0x28 src\ap\ap.o
 .debug_aranges
                0x00000028       0x38 src\bsp\bsp.o
 .debug_aranges
                0x00000060       0x28 src\bsp\cmsis\system_stm32l4xx.o
 .debug_aranges
                0x00000088       0x28 src\bsp\startup\startup_stm32l432xx.o
 .debug_aranges
                0x000000b0       0x60 src\bsp\stm32l4xx_it.o
 .debug_aranges
                0x00000110       0xb8 src\bsp\syscalls.o
 .debug_aranges
                0x000001c8       0x48 src\common\core\qbuffer.o
 .debug_aranges
                0x00000210       0x38 src\hw\core\delay.o
 .debug_aranges
                0x00000248       0x28 src\hw\core\millis.o
 .debug_aranges
                0x00000270       0x40 src\hw\driver\led.o
 .debug_aranges
                0x000002b0       0xd0 src\hw\driver\uart.o
 .debug_aranges
                0x00000380       0x20 src\hw\hw.o
 .debug_aranges
                0x000003a0      0x108 src\lib\STM32L4xx_HAL_Driver\Src\stm32l4xx_hal.o
 .debug_aranges
                0x000004a8      0x118 src\lib\STM32L4xx_HAL_Driver\Src\stm32l4xx_hal_cortex.o
 .debug_aranges
                0x000005c0       0x80 src\lib\STM32L4xx_HAL_Driver\Src\stm32l4xx_hal_dma.o
 .debug_aranges
                0x00000640       0x58 src\lib\STM32L4xx_HAL_Driver\Src\stm32l4xx_hal_gpio.o
 .debug_aranges
                0x00000698       0x98 src\lib\STM32L4xx_HAL_Driver\Src\stm32l4xx_hal_pwr.o
 .debug_aranges
                0x00000730      0x120 src\lib\STM32L4xx_HAL_Driver\Src\stm32l4xx_hal_pwr_ex.o
 .debug_aranges
                0x00000850       0x88 src\lib\STM32L4xx_HAL_Driver\Src\stm32l4xx_hal_rcc.o
 .debug_aranges
                0x000008d8       0xf0 src\lib\STM32L4xx_HAL_Driver\Src\stm32l4xx_hal_rcc_ex.o
 .debug_aranges
                0x000009c8      0x1f8 src\lib\STM32L4xx_HAL_Driver\Src\stm32l4xx_hal_uart.o
 .debug_aranges
                0x00000bc0       0x20 src\main.o

.debug_ranges   0x00000000      0xa88
 .debug_ranges  0x00000000       0x18 src\ap\ap.o
 .debug_ranges  0x00000018       0x28 src\bsp\bsp.o
 .debug_ranges  0x00000040       0x18 src\bsp\cmsis\system_stm32l4xx.o
 .debug_ranges  0x00000058       0x20 src\bsp\startup\startup_stm32l432xx.o
 .debug_ranges  0x00000078       0x50 src\bsp\stm32l4xx_it.o
 .debug_ranges  0x000000c8       0xa8 src\bsp\syscalls.o
 .debug_ranges  0x00000170       0x38 src\common\core\qbuffer.o
 .debug_ranges  0x000001a8       0x28 src\hw\core\delay.o
 .debug_ranges  0x000001d0       0x18 src\hw\core\millis.o
 .debug_ranges  0x000001e8       0x30 src\hw\driver\led.o
 .debug_ranges  0x00000218       0xc0 src\hw\driver\uart.o
 .debug_ranges  0x000002d8       0x10 src\hw\hw.o
 .debug_ranges  0x000002e8       0xf8 src\lib\STM32L4xx_HAL_Driver\Src\stm32l4xx_hal.o
 .debug_ranges  0x000003e0      0x108 src\lib\STM32L4xx_HAL_Driver\Src\stm32l4xx_hal_cortex.o
 .debug_ranges  0x000004e8       0x70 src\lib\STM32L4xx_HAL_Driver\Src\stm32l4xx_hal_dma.o
 .debug_ranges  0x00000558       0x48 src\lib\STM32L4xx_HAL_Driver\Src\stm32l4xx_hal_gpio.o
 .debug_ranges  0x000005a0       0x88 src\lib\STM32L4xx_HAL_Driver\Src\stm32l4xx_hal_pwr.o
 .debug_ranges  0x00000628      0x110 src\lib\STM32L4xx_HAL_Driver\Src\stm32l4xx_hal_pwr_ex.o
 .debug_ranges  0x00000738       0x78 src\lib\STM32L4xx_HAL_Driver\Src\stm32l4xx_hal_rcc.o
 .debug_ranges  0x000007b0       0xe0 src\lib\STM32L4xx_HAL_Driver\Src\stm32l4xx_hal_rcc_ex.o
 .debug_ranges  0x00000890      0x1e8 src\lib\STM32L4xx_HAL_Driver\Src\stm32l4xx_hal_uart.o
 .debug_ranges  0x00000a78       0x10 src\main.o

.debug_line     0x00000000     0x6934
 .debug_line    0x00000000      0x4b2 src\ap\ap.o
 .debug_line    0x000004b2      0x401 src\bsp\bsp.o
 .debug_line    0x000008b3      0x1f6 src\bsp\cmsis\system_stm32l4xx.o
 .debug_line    0x00000aa9       0x86 src\bsp\startup\startup_stm32l432xx.o
 .debug_line    0x00000b2f      0x405 src\bsp\stm32l4xx_it.o
 .debug_line    0x00000f34      0x56e src\bsp\syscalls.o
 .debug_line    0x000014a2      0x2fb src\common\core\qbuffer.o
 .debug_line    0x0000179d      0x3ac src\hw\core\delay.o
 .debug_line    0x00001b49      0x37d src\hw\core\millis.o
 .debug_line    0x00001ec6      0x401 src\hw\driver\led.o
 .debug_line    0x000022c7      0x674 src\hw\driver\uart.o
 .debug_line    0x0000293b      0x367 src\hw\hw.o
 .debug_line    0x00002ca2      0x4bb src\lib\STM32L4xx_HAL_Driver\Src\stm32l4xx_hal.o
 .debug_line    0x0000315d      0x5dc src\lib\STM32L4xx_HAL_Driver\Src\stm32l4xx_hal_cortex.o
 .debug_line    0x00003739      0x4b8 src\lib\STM32L4xx_HAL_Driver\Src\stm32l4xx_hal_dma.o
 .debug_line    0x00003bf1      0x3fe src\lib\STM32L4xx_HAL_Driver\Src\stm32l4xx_hal_gpio.o
 .debug_line    0x00003fef      0x3de src\lib\STM32L4xx_HAL_Driver\Src\stm32l4xx_hal_pwr.o
 .debug_line    0x000043cd      0x5ac src\lib\STM32L4xx_HAL_Driver\Src\stm32l4xx_hal_pwr_ex.o
 .debug_line    0x00004979      0x5cf src\lib\STM32L4xx_HAL_Driver\Src\stm32l4xx_hal_rcc.o
 .debug_line    0x00004f48      0x7fc src\lib\STM32L4xx_HAL_Driver\Src\stm32l4xx_hal_rcc_ex.o
 .debug_line    0x00005744      0xd53 src\lib\STM32L4xx_HAL_Driver\Src\stm32l4xx_hal_uart.o
 .debug_line    0x00006497      0x49d src\main.o

.debug_str      0x00000000     0x3cef
 .debug_str     0x00000000      0x8dc src\ap\ap.o
                                0xa10 (size before relaxing)
 .debug_str     0x000008dc      0x56a src\bsp\bsp.o
                                0xd0c (size before relaxing)
 .debug_str     0x00000e46       0xbd src\bsp\cmsis\system_stm32l4xx.o
                                0x413 (size before relaxing)
 .debug_str     0x00000f03       0xaa src\bsp\stm32l4xx_it.o
                                0x907 (size before relaxing)
 .debug_str     0x00000fad      0x299 src\bsp\syscalls.o
                                0xb7d (size before relaxing)
 .debug_str     0x00001246       0xb3 src\common\core\qbuffer.o
                                0x70b (size before relaxing)
 .debug_str     0x000012f9       0x37 src\hw\core\delay.o
                                0x89a (size before relaxing)
 .debug_str     0x00001330       0x2a src\hw\core\millis.o
                                0x88d (size before relaxing)
 .debug_str     0x0000135a      0x113 src\hw\driver\led.o
                                0x984 (size before relaxing)
 .debug_str     0x0000146d      0x5b2 src\hw\driver\uart.o
                               0x1088 (size before relaxing)
 .debug_str     0x00001a1f       0x16 src\hw\hw.o
                                0x873 (size before relaxing)
 .debug_str     0x00001a35      0x703 src\lib\STM32L4xx_HAL_Driver\Src\stm32l4xx_hal.o
                                0xc58 (size before relaxing)
 .debug_str     0x00002138      0x492 src\lib\STM32L4xx_HAL_Driver\Src\stm32l4xx_hal_cortex.o
                                0xd1b (size before relaxing)
 .debug_str     0x000025ca      0x24a src\lib\STM32L4xx_HAL_Driver\Src\stm32l4xx_hal_dma.o
                                0x836 (size before relaxing)
 .debug_str     0x00002814      0x141 src\lib\STM32L4xx_HAL_Driver\Src\stm32l4xx_hal_gpio.o
                                0x774 (size before relaxing)
 .debug_str     0x00002955      0x255 src\lib\STM32L4xx_HAL_Driver\Src\stm32l4xx_hal_pwr.o
                                0x841 (size before relaxing)
 .debug_str     0x00002baa      0x429 src\lib\STM32L4xx_HAL_Driver\Src\stm32l4xx_hal_pwr_ex.o
                                0x972 (size before relaxing)
 .debug_str     0x00002fd3      0x226 src\lib\STM32L4xx_HAL_Driver\Src\stm32l4xx_hal_rcc.o
                                0x9da (size before relaxing)
 .debug_str     0x000031f9      0x469 src\lib\STM32L4xx_HAL_Driver\Src\stm32l4xx_hal_rcc_ex.o
                                0xcf8 (size before relaxing)
 .debug_str     0x00003662      0x678 src\lib\STM32L4xx_HAL_Driver\Src\stm32l4xx_hal_uart.o
                               0x100b (size before relaxing)
 .debug_str     0x00003cda       0x15 src\main.o
                                0x9e7 (size before relaxing)

.comment        0x00000000       0x7c
 .comment       0x00000000       0x7c src\ap\ap.o
                                 0x7d (size before relaxing)
 .comment       0x0000007c       0x7d src\bsp\bsp.o
 .comment       0x0000007c       0x7d src\bsp\cmsis\system_stm32l4xx.o
 .comment       0x0000007c       0x7d src\bsp\stm32l4xx_it.o
 .comment       0x0000007c       0x7d src\bsp\syscalls.o
 .comment       0x0000007c       0x7d src\common\core\qbuffer.o
 .comment       0x0000007c       0x7d src\hw\core\delay.o
 .comment       0x0000007c       0x7d src\hw\core\millis.o
 .comment       0x0000007c       0x7d src\hw\driver\led.o
 .comment       0x0000007c       0x7d src\hw\driver\uart.o
 .comment       0x0000007c       0x7d src\hw\hw.o
 .comment       0x0000007c       0x7d src\lib\STM32L4xx_HAL_Driver\Src\stm32l4xx_hal.o
 .comment       0x0000007c       0x7d src\lib\STM32L4xx_HAL_Driver\Src\stm32l4xx_hal_cortex.o
 .comment       0x0000007c       0x7d src\lib\STM32L4xx_HAL_Driver\Src\stm32l4xx_hal_dma.o
 .comment       0x0000007c       0x7d src\lib\STM32L4xx_HAL_Driver\Src\stm32l4xx_hal_gpio.o
 .comment       0x0000007c       0x7d src\lib\STM32L4xx_HAL_Driver\Src\stm32l4xx_hal_pwr.o
 .comment       0x0000007c       0x7d src\lib\STM32L4xx_HAL_Driver\Src\stm32l4xx_hal_pwr_ex.o
 .comment       0x0000007c       0x7d src\lib\STM32L4xx_HAL_Driver\Src\stm32l4xx_hal_rcc.o
 .comment       0x0000007c       0x7d src\lib\STM32L4xx_HAL_Driver\Src\stm32l4xx_hal_rcc_ex.o
 .comment       0x0000007c       0x7d src\lib\STM32L4xx_HAL_Driver\Src\stm32l4xx_hal_uart.o
 .comment       0x0000007c       0x7d src\main.o

.debug_frame    0x00000000     0x3484
 .debug_frame   0x00000000       0x4c src\ap\ap.o
 .debug_frame   0x0000004c       0x98 src\bsp\bsp.o
 .debug_frame   0x000000e4       0x58 src\bsp\cmsis\system_stm32l4xx.o
 .debug_frame   0x0000013c      0x10c src\bsp\stm32l4xx_it.o
 .debug_frame   0x00000248      0x2f8 src\bsp\syscalls.o
 .debug_frame   0x00000540       0xf8 src\common\core\qbuffer.o
 .debug_frame   0x00000638       0xa0 src\hw\core\delay.o
 .debug_frame   0x000006d8       0x4c src\hw\core\millis.o
 .debug_frame   0x00000724       0xc0 src\hw\driver\led.o
 .debug_frame   0x000007e4      0x378 src\hw\driver\uart.o
 .debug_frame   0x00000b5c       0x2c src\hw\hw.o
 .debug_frame   0x00000b88      0x3dc src\lib\STM32L4xx_HAL_Driver\Src\stm32l4xx_hal.o
 .debug_frame   0x00000f64      0x498 src\lib\STM32L4xx_HAL_Driver\Src\stm32l4xx_hal_cortex.o
 .debug_frame   0x000013fc      0x204 src\lib\STM32L4xx_HAL_Driver\Src\stm32l4xx_hal_dma.o
 .debug_frame   0x00001600      0x14c src\lib\STM32L4xx_HAL_Driver\Src\stm32l4xx_hal_gpio.o
 .debug_frame   0x0000174c      0x230 src\lib\STM32L4xx_HAL_Driver\Src\stm32l4xx_hal_pwr.o
 .debug_frame   0x0000197c      0x484 src\lib\STM32L4xx_HAL_Driver\Src\stm32l4xx_hal_pwr_ex.o
 .debug_frame   0x00001e00      0x1f4 src\lib\STM32L4xx_HAL_Driver\Src\stm32l4xx_hal_rcc.o
 .debug_frame   0x00001ff4      0x3d0 src\lib\STM32L4xx_HAL_Driver\Src\stm32l4xx_hal_rcc_ex.o
 .debug_frame   0x000023c4      0x900 src\lib\STM32L4xx_HAL_Driver\Src\stm32l4xx_hal_uart.o
 .debug_frame   0x00002cc4       0x2c src\main.o
 .debug_frame   0x00002cf0       0x20 c:/program files (x86)/atollic/truestudio for stm32 9.0.1/armtools/bin/../lib/gcc/arm-atollic-eabi/6.3.1/../../../../arm-atollic-eabi/lib/armv7e-m/fpu\libc_nano.a(lib_a-errno.o)
 .debug_frame   0x00002d10       0x2c c:/program files (x86)/atollic/truestudio for stm32 9.0.1/armtools/bin/../lib/gcc/arm-atollic-eabi/6.3.1/../../../../arm-atollic-eabi/lib/armv7e-m/fpu\libc_nano.a(lib_a-init.o)
 .debug_frame   0x00002d3c       0x20 c:/program files (x86)/atollic/truestudio for stm32 9.0.1/armtools/bin/../lib/gcc/arm-atollic-eabi/6.3.1/../../../../arm-atollic-eabi/lib/armv7e-m/fpu\libc_nano.a(lib_a-memset.o)
 .debug_frame   0x00002d5c       0x74 c:/program files (x86)/atollic/truestudio for stm32 9.0.1/armtools/bin/../lib/gcc/arm-atollic-eabi/6.3.1/../../../../arm-atollic-eabi/lib/armv7e-m/fpu\libc_nano.a(lib_a-printf.o)
 .debug_frame   0x00002dd0      0x11c c:/program files (x86)/atollic/truestudio for stm32 9.0.1/armtools/bin/../lib/gcc/arm-atollic-eabi/6.3.1/../../../../arm-atollic-eabi/lib/armv7e-m/fpu\libc_nano.a(lib_a-findfp.o)
 .debug_frame   0x00002eec       0x54 c:/program files (x86)/atollic/truestudio for stm32 9.0.1/armtools/bin/../lib/gcc/arm-atollic-eabi/6.3.1/../../../../arm-atollic-eabi/lib/armv7e-m/fpu\libc_nano.a(lib_a-fwalk.o)
 .debug_frame   0x00002f40       0x2c c:/program files (x86)/atollic/truestudio for stm32 9.0.1/armtools/bin/../lib/gcc/arm-atollic-eabi/6.3.1/../../../../arm-atollic-eabi/lib/armv7e-m/fpu\libc_nano.a(lib_a-nano-mallocr.o)
 .debug_frame   0x00002f6c       0xac c:/program files (x86)/atollic/truestudio for stm32 9.0.1/armtools/bin/../lib/gcc/arm-atollic-eabi/6.3.1/../../../../arm-atollic-eabi/lib/armv7e-m/fpu\libc_nano.a(lib_a-nano-vfprintf.o)
 .debug_frame   0x00003018       0x60 c:/program files (x86)/atollic/truestudio for stm32 9.0.1/armtools/bin/../lib/gcc/arm-atollic-eabi/6.3.1/../../../../arm-atollic-eabi/lib/armv7e-m/fpu\libc_nano.a(lib_a-nano-vfprintf_i.o)
 .debug_frame   0x00003078       0x2c c:/program files (x86)/atollic/truestudio for stm32 9.0.1/armtools/bin/../lib/gcc/arm-atollic-eabi/6.3.1/../../../../arm-atollic-eabi/lib/armv7e-m/fpu\libc_nano.a(lib_a-sbrkr.o)
 .debug_frame   0x000030a4       0x88 c:/program files (x86)/atollic/truestudio for stm32 9.0.1/armtools/bin/../lib/gcc/arm-atollic-eabi/6.3.1/../../../../arm-atollic-eabi/lib/armv7e-m/fpu\libc_nano.a(lib_a-stdio.o)
 .debug_frame   0x0000312c       0x40 c:/program files (x86)/atollic/truestudio for stm32 9.0.1/armtools/bin/../lib/gcc/arm-atollic-eabi/6.3.1/../../../../arm-atollic-eabi/lib/armv7e-m/fpu\libc_nano.a(lib_a-wbuf.o)
 .debug_frame   0x0000316c       0x2c c:/program files (x86)/atollic/truestudio for stm32 9.0.1/armtools/bin/../lib/gcc/arm-atollic-eabi/6.3.1/../../../../arm-atollic-eabi/lib/armv7e-m/fpu\libc_nano.a(lib_a-writer.o)
 .debug_frame   0x00003198       0x2c c:/program files (x86)/atollic/truestudio for stm32 9.0.1/armtools/bin/../lib/gcc/arm-atollic-eabi/6.3.1/../../../../arm-atollic-eabi/lib/armv7e-m/fpu\libc_nano.a(lib_a-wsetup.o)
 .debug_frame   0x000031c4       0x2c c:/program files (x86)/atollic/truestudio for stm32 9.0.1/armtools/bin/../lib/gcc/arm-atollic-eabi/6.3.1/../../../../arm-atollic-eabi/lib/armv7e-m/fpu\libc_nano.a(lib_a-closer.o)
 .debug_frame   0x000031f0       0x68 c:/program files (x86)/atollic/truestudio for stm32 9.0.1/armtools/bin/../lib/gcc/arm-atollic-eabi/6.3.1/../../../../arm-atollic-eabi/lib/armv7e-m/fpu\libc_nano.a(lib_a-fflush.o)
 .debug_frame   0x00003258       0x2c c:/program files (x86)/atollic/truestudio for stm32 9.0.1/armtools/bin/../lib/gcc/arm-atollic-eabi/6.3.1/../../../../arm-atollic-eabi/lib/armv7e-m/fpu\libc_nano.a(lib_a-lseekr.o)
 .debug_frame   0x00003284       0x58 c:/program files (x86)/atollic/truestudio for stm32 9.0.1/armtools/bin/../lib/gcc/arm-atollic-eabi/6.3.1/../../../../arm-atollic-eabi/lib/armv7e-m/fpu\libc_nano.a(lib_a-makebuf.o)
 .debug_frame   0x000032dc       0x30 c:/program files (x86)/atollic/truestudio for stm32 9.0.1/armtools/bin/../lib/gcc/arm-atollic-eabi/6.3.1/../../../../arm-atollic-eabi/lib/armv7e-m/fpu\libc_nano.a(lib_a-mlock.o)
 .debug_frame   0x0000330c       0x38 c:/program files (x86)/atollic/truestudio for stm32 9.0.1/armtools/bin/../lib/gcc/arm-atollic-eabi/6.3.1/../../../../arm-atollic-eabi/lib/armv7e-m/fpu\libc_nano.a(lib_a-nano-freer.o)
 .debug_frame   0x00003344       0x2c c:/program files (x86)/atollic/truestudio for stm32 9.0.1/armtools/bin/../lib/gcc/arm-atollic-eabi/6.3.1/../../../../arm-atollic-eabi/lib/armv7e-m/fpu\libc_nano.a(lib_a-readr.o)
 .debug_frame   0x00003370       0x5c c:/program files (x86)/atollic/truestudio for stm32 9.0.1/armtools/bin/../lib/gcc/arm-atollic-eabi/6.3.1/../../../../arm-atollic-eabi/lib/armv7e-m/fpu\libc_nano.a(lib_a-reent.o)
 .debug_frame   0x000033cc       0x2c c:/program files (x86)/atollic/truestudio for stm32 9.0.1/armtools/bin/../lib/gcc/arm-atollic-eabi/6.3.1/../../../../arm-atollic-eabi/lib/armv7e-m/fpu\libc_nano.a(lib_a-fstatr.o)
 .debug_frame   0x000033f8       0x2c c:/program files (x86)/atollic/truestudio for stm32 9.0.1/armtools/bin/../lib/gcc/arm-atollic-eabi/6.3.1/../../../../arm-atollic-eabi/lib/armv7e-m/fpu\libc_nano.a(lib_a-isattyr.o)
 .debug_frame   0x00003424       0x2c c:/program files (x86)/atollic/truestudio for stm32 9.0.1/armtools/bin/../lib/gcc/arm-atollic-eabi/6.3.1/armv7e-m/fpu\libgcc.a(_aeabi_uldivmod.o)
 .debug_frame   0x00003450       0x34 c:/program files (x86)/atollic/truestudio for stm32 9.0.1/armtools/bin/../lib/gcc/arm-atollic-eabi/6.3.1/armv7e-m/fpu\libgcc.a(_udivmoddi4.o)

Cross Reference Table

Symbol                                            File
ADC1_IRQHandler                                   src\bsp\startup\startup_stm32l432xx.o
ADC_ConversionStop                                src\lib\STM32L4xx_HAL_Driver\Src\stm32l4xx_hal_adc.o
                                                  src\lib\STM32L4xx_HAL_Driver\Src\stm32l4xx_hal_adc_ex.o
ADC_DMAConvCplt                                   src\lib\STM32L4xx_HAL_Driver\Src\stm32l4xx_hal_adc.o
ADC_DMAError                                      src\lib\STM32L4xx_HAL_Driver\Src\stm32l4xx_hal_adc.o
ADC_DMAHalfConvCplt                               src\lib\STM32L4xx_HAL_Driver\Src\stm32l4xx_hal_adc.o
ADC_Disable                                       src\lib\STM32L4xx_HAL_Driver\Src\stm32l4xx_hal_adc.o
                                                  src\lib\STM32L4xx_HAL_Driver\Src\stm32l4xx_hal_adc_ex.o
ADC_Enable                                        src\lib\STM32L4xx_HAL_Driver\Src\stm32l4xx_hal_adc.o
                                                  src\lib\STM32L4xx_HAL_Driver\Src\stm32l4xx_hal_adc_ex.o
AHBPrescTable                                     src\bsp\cmsis\system_stm32l4xx.o
                                                  src\lib\STM32L4xx_HAL_Driver\Src\stm32l4xx_ll_utils.o
                                                  src\lib\STM32L4xx_HAL_Driver\Src\stm32l4xx_hal_rcc.o
APBPrescTable                                     src\bsp\cmsis\system_stm32l4xx.o
                                                  src\lib\STM32L4xx_HAL_Driver\Src\stm32l4xx_hal_rcc.o
BusFault_Handler                                  src\bsp\stm32l4xx_it.o
                                                  src\bsp\startup\startup_stm32l432xx.o
CAN1_RX0_IRQHandler                               src\bsp\startup\startup_stm32l432xx.o
CAN1_RX1_IRQHandler                               src\bsp\startup\startup_stm32l432xx.o
CAN1_SCE_IRQHandler                               src\bsp\startup\startup_stm32l432xx.o
CAN1_TX_IRQHandler                                src\bsp\startup\startup_stm32l432xx.o
COMP_IRQHandler                                   src\bsp\startup\startup_stm32l432xx.o
CRS_IRQHandler                                    src\bsp\startup\startup_stm32l432xx.o
DAC_DMAConvCpltCh1                                src\lib\STM32L4xx_HAL_Driver\Src\stm32l4xx_hal_dac.o
DAC_DMAConvCpltCh2                                src\lib\STM32L4xx_HAL_Driver\Src\stm32l4xx_hal_dac_ex.o
                                                  src\lib\STM32L4xx_HAL_Driver\Src\stm32l4xx_hal_dac.o
DAC_DMAErrorCh1                                   src\lib\STM32L4xx_HAL_Driver\Src\stm32l4xx_hal_dac.o
DAC_DMAErrorCh2                                   src\lib\STM32L4xx_HAL_Driver\Src\stm32l4xx_hal_dac_ex.o
                                                  src\lib\STM32L4xx_HAL_Driver\Src\stm32l4xx_hal_dac.o
DAC_DMAHalfConvCpltCh1                            src\lib\STM32L4xx_HAL_Driver\Src\stm32l4xx_hal_dac.o
DAC_DMAHalfConvCpltCh2                            src\lib\STM32L4xx_HAL_Driver\Src\stm32l4xx_hal_dac_ex.o
                                                  src\lib\STM32L4xx_HAL_Driver\Src\stm32l4xx_hal_dac.o
DMA1_Channel1_IRQHandler                          src\bsp\startup\startup_stm32l432xx.o
DMA1_Channel2_IRQHandler                          src\bsp\startup\startup_stm32l432xx.o
DMA1_Channel3_IRQHandler                          src\bsp\startup\startup_stm32l432xx.o
DMA1_Channel4_IRQHandler                          src\bsp\startup\startup_stm32l432xx.o
DMA1_Channel5_IRQHandler                          src\bsp\startup\startup_stm32l432xx.o
DMA1_Channel6_IRQHandler                          src\bsp\startup\startup_stm32l432xx.o
DMA1_Channel7_IRQHandler                          src\bsp\startup\startup_stm32l432xx.o
DMA2_Channel1_IRQHandler                          src\bsp\startup\startup_stm32l432xx.o
DMA2_Channel2_IRQHandler                          src\bsp\startup\startup_stm32l432xx.o
DMA2_Channel3_IRQHandler                          src\bsp\startup\startup_stm32l432xx.o
DMA2_Channel4_IRQHandler                          src\bsp\startup\startup_stm32l432xx.o
DMA2_Channel5_IRQHandler                          src\bsp\startup\startup_stm32l432xx.o
DMA2_Channel6_IRQHandler                          src\bsp\startup\startup_stm32l432xx.o
DMA2_Channel7_IRQHandler                          src\bsp\startup\startup_stm32l432xx.o
DebugMon_Handler                                  src\bsp\stm32l4xx_it.o
                                                  src\bsp\startup\startup_stm32l432xx.o
Default_Handler                                   src\bsp\startup\startup_stm32l432xx.o
EXTI0_IRQHandler                                  src\bsp\startup\startup_stm32l432xx.o
EXTI15_10_IRQHandler                              src\bsp\startup\startup_stm32l432xx.o
EXTI1_IRQHandler                                  src\bsp\startup\startup_stm32l432xx.o
EXTI2_IRQHandler                                  src\bsp\startup\startup_stm32l432xx.o
EXTI3_IRQHandler                                  src\bsp\startup\startup_stm32l432xx.o
EXTI4_IRQHandler                                  src\bsp\startup\startup_stm32l432xx.o
EXTI9_5_IRQHandler                                src\bsp\startup\startup_stm32l432xx.o
Error_Handler                                     src\bsp\bsp.o
                                                  src\hw\driver\uart.o
FLASH_FlushCaches                                 src\lib\STM32L4xx_HAL_Driver\Src\stm32l4xx_hal_flash_ex.o
                                                  src\lib\STM32L4xx_HAL_Driver\Src\stm32l4xx_hal_flash.o
FLASH_IRQHandler                                  src\bsp\startup\startup_stm32l432xx.o
FLASH_PageErase                                   src\lib\STM32L4xx_HAL_Driver\Src\stm32l4xx_hal_flash_ex.o
                                                  src\lib\STM32L4xx_HAL_Driver\Src\stm32l4xx_hal_flash.o
FLASH_WaitForLastOperation                        src\lib\STM32L4xx_HAL_Driver\Src\stm32l4xx_hal_flash.o
                                                  src\lib\STM32L4xx_HAL_Driver\Src\stm32l4xx_hal_flash_ex.o
FPU_IRQHandler                                    src\bsp\startup\startup_stm32l432xx.o
HAL_ADCEx_Calibration_GetValue                    src\lib\STM32L4xx_HAL_Driver\Src\stm32l4xx_hal_adc_ex.o
HAL_ADCEx_Calibration_SetValue                    src\lib\STM32L4xx_HAL_Driver\Src\stm32l4xx_hal_adc_ex.o
HAL_ADCEx_Calibration_Start                       src\lib\STM32L4xx_HAL_Driver\Src\stm32l4xx_hal_adc_ex.o
HAL_ADCEx_DisableInjectedQueue                    src\lib\STM32L4xx_HAL_Driver\Src\stm32l4xx_hal_adc_ex.o
HAL_ADCEx_DisableVoltageRegulator                 src\lib\STM32L4xx_HAL_Driver\Src\stm32l4xx_hal_adc_ex.o
HAL_ADCEx_EnableInjectedQueue                     src\lib\STM32L4xx_HAL_Driver\Src\stm32l4xx_hal_adc_ex.o
HAL_ADCEx_EndOfSamplingCallback                   src\lib\STM32L4xx_HAL_Driver\Src\stm32l4xx_hal_adc_ex.o
                                                  src\lib\STM32L4xx_HAL_Driver\Src\stm32l4xx_hal_adc.o
HAL_ADCEx_EnterADCDeepPowerDownMode               src\lib\STM32L4xx_HAL_Driver\Src\stm32l4xx_hal_adc_ex.o
HAL_ADCEx_InjectedConfigChannel                   src\lib\STM32L4xx_HAL_Driver\Src\stm32l4xx_hal_adc_ex.o
HAL_ADCEx_InjectedConvCpltCallback                src\lib\STM32L4xx_HAL_Driver\Src\stm32l4xx_hal_adc_ex.o
                                                  src\lib\STM32L4xx_HAL_Driver\Src\stm32l4xx_hal_adc.o